Microchip MPLAB XC8 Compiler V2.32

Linker command line:

-W-3 --edf=C:\Program Files\Microchip\xc8\v2.32\pic\dat\en_msgs.txt -cn \
  -h+dist/default/production\fastcharging8caps.X.production.sym \
  --cmf=dist/default/production\fastcharging8caps.X.production.cmf -z \
  -Q18LF67K40 -oC:\Users\Terry\AppData\Local\Temp\xcAs5kc.5 \
  --defsym=__MPLAB_BUILD=1 \
  -Mdist/default/production/fastcharging8caps.X.production.map -E1 \
  -ver=XC8 Compiler --acfsm=1493 -ASTACK=015Ah-0DE9h -pstack=STACK \
  -ACODE=00h-01FFFFh -ACONST=00h-01FFFFh -ASMALLCONST=0E00h-0EFFhx498 \
  -AMEDIUMCONST=0E00h-0FFFFh,010E00h-01FFFFh -ACOMRAM=01h-05Fh \
  -AABS1=00h-0DE9h -ABIGRAM=01h-0DE9h \
  -ARAM=060h-0FFh,0100h-01FFhx12,0D00h-0DE9h -ABANK0=060h-0FFh \
  -ABANK1=0100h-01FFh -ABANK2=0200h-02FFh -ABANK3=0300h-03FFh \
  -ABANK4=0400h-04FFh -ABANK5=0500h-05FFh -ABANK6=0600h-06FFh \
  -ABANK7=0700h-07FFh -ABANK8=0800h-08FFh -ABANK9=0900h-09FFh \
  -ABANK10=0A00h-0AFFh -ABANK11=0B00h-0BFFh -ABANK12=0C00h-0CFFh \
  -ABANK13=0D00h-0DE9h \
  -ASFR=0DEFh-0DFFh,0E00h-0EFFh,0F00h-0F5Fh,0F60h-0FFFh \
  -ACONFIG=0300000h-030000Bh -AIDLOC=0200000h-020000Fh \
  -AEEDATA=0310000h-03103FFh -peeprom_data=EEDATA \
  -preset_vec=00h,intcode=08h,intcodelo,powerup,init -pramtop=0E00h \
  -psmallconst=SMALLCONST -pmediumconst=MEDIUMCONST -pconst=CONST \
  -AFARRAM=00h-00h \
  -prdata=COMRAM,nvrram=COMRAM,nvbit=COMRAM,rbss=COMRAM,rbit=COMRAM \
  -pfarbss=FARRAM,fardata=FARRAM,nvFARRAM=FARRAM \
  -pintsave_regs=BIGRAM,bigbss=BIGRAM,bigdata=BIGRAM -pbss=RAM \
  -pidata=CODE,irdata=CODE,ibigdata=CODE,ifardata=CODE -prparam=COMRAM \
  C:\Users\Terry\AppData\Local\Temp\xcAs5kc.o \
  dist/default/production\fastcharging8caps.X.production.o 

Object code version is 3.11

Machine type is 18LF67K40



                Name                               Link     Load   Length Selector   Space Scale
C:\Users\Terry\AppData\Local\Temp\xcAs5kc.o
                idloc                            200000   200000       10        0       5
                config                           300000   300000        C        0       4
                init                                 3E       3E        4        4       0
                reset_vec                             0        0        4        0       0
dist/default/production\fastcharging8caps.X.production.o
                intcode                               8        8       36        4       0
                idloc                            200000   200000       10        0       5
                config                           300000   300000        C        0       4
                temp                                 5F       5F        1        1       1
                mediumconst                        FDD0     FDD0      230     7EE8       0
                text61                            13F12    13F12        C     9F06       0
                text59                            13E0C    13E0C       22     9F06       0
                text58                            13D0E    13D0E       36     8000       0
                text57                            139EC    139EC       50     8000       0
                text56                            13F04    13F04        E     9F06       0
                text55                            13EF6    13EF6        E     9F06       0
                text54                            13EE8    13EE8        E     9F06       0
                text53                            13A3C    13A3C       4E     8000       0
                text52                            13F28    13F28        4     9F06       0
                text51                            13EBE    13EBE       18     9F06       0
                text50                            13482    13482       C2     8000       0
                text49                            13E8A    13E8A       1C     9F06       0
                text48                            13E2E    13E2E       20     9F06       0
                text47                            13E6C    13E6C       1E     9F06       0
                text46                            13DC2    13DC2       26     8000       0
                text45                            13CA0    13CA0       38     8000       0
                text44                            1399A    1399A       52     8000       0
                text43                            128DC    128DC      1A4     8000       0
                text42                            12C22    12C22      188     8000       0
                text41                            12DAA    12DAA      164     8000       0
                text40                            13BF0    13BF0       40     8000       0
                text39                            13EA6    13EA6       18     9F06       0
                text38                            13F1E    13F1E        A     9F06       0
                text37                            1369E    1369E       96     8000       0
                text36                            13BAC    13BAC       44     8000       0
                text35                            13CD8    13CD8       36     8000       0
                text34                            132F8    132F8       C6     8000       0
                text33                            11EBC    11EBC      2E4     8000       0
                text32                            133BE    133BE       C4     8000       0
                text31                            13544    13544       B0     8000       0
                text30                            11B22    11B22      39A     8000       0
                text29                            135F4    135F4       AA     8000       0
                text28                            13014    13014      104     8000       0
                text27                            116F8    116F8      42A     8000       0
                text26                            13C68    13C68       38     8000       0
                text25                            11238    11238      4C0     8000       0
                text24                            13B22    13B22       46     8000       0
                text23                            12F0E    12F0E      106     8000       0
                text22                            13118    13118       FE     8000       0
                text21                            121A0    121A0      212     8000       0
                text20                            1393C    1393C       5E     8000       0
                text19                            13C30    13C30       38     8000       0
                text18                            138DC    138DC       60     8000       0
                text17                            10000    10000      CA6     8000       0
                text16                            13216    13216       E2     8000       0
                text15                            10CA6    10CA6      592     8000       0
                text14                            13876    13876       66     8000       0
                text13                            13D9C    13D9C       26     8000       0
                text12                            12A80    12A80      1A2     8000       0
                text11                            13D44    13D44       2E     8000       0
                text10                            12576    12576      1B4     8000       0
                text9                             137A2    137A2       6E     8000       0
                text8                             13D72    13D72       2A     8000       0
                text7                             13734    13734       6E     8000       0
                text6                             1272A    1272A      1B2     8000       0
                text5                             13E4E    13E4E       1E     9F06       0
                text4                             13AD6    13AD6       4C     8000       0
                text3                             13A8A    13A8A       4C     8000       0
                text2                             123B2    123B2      1C4     8000       0
                text1                             13ED6    13ED6       12     9F06       0
                text0                             13810    13810       66     8000       0
                cstackCOMRAM                          1        1       5D        1       1
                cstackBANK0                          60       60       54       60       1
                bssBANK1                            100      100       50      100       1
                dataBANK0                            DC       DC       23       60       1
                bssBANK0                             B4       B4       28       60       1
                bssCOMRAM                            5E       5E        1        1       1
                cinit                             13B68    13B68       44     8000       0
                nvBANK1                             150      150        A      100       1
                nvBANK0                              FF       FF        1       60       1
                idataBANK0                        13DE8    13DE8       23     8000       0

TOTAL           Name                               Link     Load   Length     Space
        CLASS   STACK          

        CLASS   CODE           
                intcode                               8        8       36         0
                init                                 3E       3E        4         0
                reset_vec                             0        0        4         0
                text61                            13F12    13F12        C         0
                text59                            13E0C    13E0C       22         0
                text58                            13D0E    13D0E       36         0
                text57                            139EC    139EC       50         0
                text56                            13F04    13F04        E         0
                text55                            13EF6    13EF6        E         0
                text54                            13EE8    13EE8        E         0
                text53                            13A3C    13A3C       4E         0
                text52                            13F28    13F28        4         0
                text51                            13EBE    13EBE       18         0
                text50                            13482    13482       C2         0
                text49                            13E8A    13E8A       1C         0
                text48                            13E2E    13E2E       20         0
                text47                            13E6C    13E6C       1E         0
                text46                            13DC2    13DC2       26         0
                text45                            13CA0    13CA0       38         0
                text44                            1399A    1399A       52         0
                text43                            128DC    128DC      1A4         0
                text42                            12C22    12C22      188         0
                text41                            12DAA    12DAA      164         0
                text40                            13BF0    13BF0       40         0
                text39                            13EA6    13EA6       18         0
                text38                            13F1E    13F1E        A         0
                text37                            1369E    1369E       96         0
                text36                            13BAC    13BAC       44         0
                text35                            13CD8    13CD8       36         0
                text34                            132F8    132F8       C6         0
                text33                            11EBC    11EBC      2E4         0
                text32                            133BE    133BE       C4         0
                text31                            13544    13544       B0         0
                text30                            11B22    11B22      39A         0
                text29                            135F4    135F4       AA         0
                text28                            13014    13014      104         0
                text27                            116F8    116F8      42A         0
                text26                            13C68    13C68       38         0
                text25                            11238    11238      4C0         0
                text24                            13B22    13B22       46         0
                text23                            12F0E    12F0E      106         0
                text22                            13118    13118       FE         0
                text21                            121A0    121A0      212         0
                text20                            1393C    1393C       5E         0
                text19                            13C30    13C30       38         0
                text18                            138DC    138DC       60         0
                text17                            10000    10000      CA6         0
                text16                            13216    13216       E2         0
                text15                            10CA6    10CA6      592         0
                text14                            13876    13876       66         0
                text13                            13D9C    13D9C       26         0
                text12                            12A80    12A80      1A2         0
                text11                            13D44    13D44       2E         0
                text10                            12576    12576      1B4         0
                text9                             137A2    137A2       6E         0
                text8                             13D72    13D72       2A         0
                text7                             13734    13734       6E         0
                text6                             1272A    1272A      1B2         0
                text5                             13E4E    13E4E       1E         0
                text4                             13AD6    13AD6       4C         0
                text3                             13A8A    13A8A       4C         0
                text2                             123B2    123B2      1C4         0
                text1                             13ED6    13ED6       12         0
                text0                             13810    13810       66         0
                cinit                             13B68    13B68       44         0
                idataBANK0                        13DE8    13DE8       23         0

        CLASS   CONST          

        CLASS   SMALLCONST     

        CLASS   MEDIUMCONST    
                mediumconst                        FDD0     FDD0      230         0

        CLASS   COMRAM         
                temp                                 5F       5F        1         1
                cstackCOMRAM                          1        1       5D         1
                bssCOMRAM                            5E       5E        1         1

        CLASS   ABS1           

        CLASS   BIGRAM         

        CLASS   RAM            

        CLASS   BANK0          
                cstackBANK0                          60       60       54         1
                dataBANK0                            DC       DC       23         1
                bssBANK0                             B4       B4       28         1
                nvBANK0                              FF       FF        1         1

        CLASS   BANK1          
                bssBANK1                            100      100       50         1
                nvBANK1                             150      150        A         1

        CLASS   BANK2          

        CLASS   BANK3          

        CLASS   BANK4          

        CLASS   BANK5          

        CLASS   BANK6          

        CLASS   BANK7          

        CLASS   BANK8          

        CLASS   BANK9          

        CLASS   BANK10         

        CLASS   BANK11         

        CLASS   BANK12         

        CLASS   BANK13         

        CLASS   SFR            

        CLASS   CONFIG         
                config                           300000   300000        C         4

        CLASS   IDLOC          
                idloc                            200000   200000       10         5

        CLASS   EEDATA         

        CLASS   FARRAM         



SEGMENTS        Name                           Load    Length   Top    Selector   Space  Class

                reset_vec                      000000  000004  000004         0       0  CODE    
                cstackCOMRAM                   000001  00005F  000060         1       1  COMRAM  
                intcode                        000008  00003A  000042         4       0  CODE    
                cstackBANK0                    000060  0000A0  000100        60       1  BANK0   
                bssBANK1                       000100  00005A  00015A       100       1  BANK1   
                mediumconst                    00FDD0  000230  010000      7EE8       0  MEDIUMCO
                text17                         010000  003E0B  013E0B      8000       0  CODE    
                text59                         013E0C  000120  013F2C      9F06       0  CODE    


UNUSED ADDRESS RANGES

        Name                Unused          Largest block    Delta
        BANK1            00015A-0001FF               A6
        BANK10           000A00-000AFF              100
        BANK11           000B00-000BFF              100
        BANK12           000C00-000CFF              100
        BANK13           000D00-000DE9               EA
        BANK2            000200-0002FF              100
        BANK3            000300-0003FF              100
        BANK4            000400-0004FF              100
        BANK5            000500-0005FF              100
        BANK6            000600-0006FF              100
        BANK7            000700-0007FF              100
        BANK8            000800-0008FF              100
        BANK9            000900-0009FF              100
        BIGRAM           00015A-000DE9              C90
        CODE             000004-000007                4
                         000042-00FDCF             FD8E
                         013E0B-013E0B                1
                         013F2C-01FFFF             C0D4
        CONST            000004-000007                4
                         000042-00FDCF             FD8E
                         013E0B-013E0B                1
                         013F2C-01FFFF             C0D4
        EEDATA           310000-3103FF              400
        MEDIUMCONST      000E00-00FDCF             EFD0
                         013E0B-013E0B                1
                         013F2C-01FFFF             C0D4
        RAM              00015A-000DE9              100
        SFR              000DEF-000FFF              100
        SMALLCONST       000E00-00FDCF              100
                         013E0B-013E0B                1
                         013F2C-01FFFF              100
        STACK            00015A-000DE9              C90

                                  Symbol Table

?_ADCC_GetSingleConversion                      cstackCOMRAM 000001
?___aodiv                                       cstackCOMRAM 000001
?___aomod                                       cstackCOMRAM 000001
?___awdiv                                       cstackCOMRAM 000001
?___awmod                                       cstackCOMRAM 000001
?___fladd                                       cstackCOMRAM 000001
?___fldiv                                       cstackCOMRAM 000001
?___flmul                                       cstackCOMRAM 00000F
?___flneg                                       cstackCOMRAM 000001
?___flsub                                       cstackCOMRAM 000028
?___fltol                                       cstackCOMRAM 000001
?___fpclassifyf                                 cstackCOMRAM 000001
?___wmul                                        cstackCOMRAM 000001
?___xxtofl                                      cstackCOMRAM 000001
?_abs                                           cstackCOMRAM 000013
?_atoi                                          cstackCOMRAM 000008
?_dtoa                                          cstackCOMRAM 00001E
?_efgtoa                                        cstackCOMRAM 000034
?_floorf                                        cstackCOMRAM 00001A
?_getADCValue                                   cstackCOMRAM 000028
?_isdigit                                       cstackCOMRAM 000001
?_isspace                                       cstackCOMRAM 000001
?_isupper                                       cstackCOMRAM 000001
?_pad                                           cstackCOMRAM 000013
?_printf                                        cstackCOMRAM 000054
?_sampleChargingCapArray                        cstackCOMRAM 000032
?_sampleEHvoc                                   cstackCOMRAM 000032
?_sampleTaskCapArray                            cstackCOMRAM 000032
?_strlen                                        cstackCOMRAM 000001
?_strncmp                                       cstackCOMRAM 000001
?_tolower                                       cstackCOMRAM 000007
?_vfpfcnvrt                                     cstackCOMRAM 000042
?_vfprintf                                      cstackCOMRAM 00004C
ADCC_GetSingleConversion@channel                cstackCOMRAM 000005
EUSART5_SetErrorHandler@interruptHandler        cstackCOMRAM 000001
EUSART5_SetFramingErrorHandler@interruptHandler cstackCOMRAM 000001
EUSART5_SetOverrunErrorHandler@interruptHandler cstackCOMRAM 000001
EUSART5_Write@txData                            cstackCOMRAM 000001
_ADACCH                                         (abs)        000F71
_ADACCL                                         (abs)        000F70
_ADACQ                                          (abs)        000F5C
_ADACT                                          (abs)        000F56
_ADCAP                                          (abs)        000F5D
_ADCC_GetSingleConversion                       text11       013D44
_ADCC_Initialize                                text57       0139EC
_ADCLK                                          (abs)        000F57
_ADCNT                                          (abs)        000F67
_ADCON0                                         (abs)        000F60
_ADCON0bits                                     (abs)        000F60
_ADCON1                                         (abs)        000F59
_ADCON1bits                                     (abs)        000F59
_ADCON2                                         (abs)        000F5A
_ADCON2bits                                     (abs)        000F5A
_ADCON3                                         (abs)        000F5B
_ADCON3bits                                     (abs)        000F5B
_ADERRH                                         (abs)        000F6F
_ADERRL                                         (abs)        000F6E
_ADFLTRH                                        (abs)        000F73
_ADFLTRL                                        (abs)        000F72
_ADLTHH                                         (abs)        000F6B
_ADLTHL                                         (abs)        000F6A
_ADPCH                                          (abs)        000F5F
_ADPRE                                          (abs)        000F5E
_ADPREVH                                        (abs)        000F62
_ADPREVL                                        (abs)        000F61
_ADREF                                          (abs)        000F58
_ADRESH                                         (abs)        000F64
_ADRESL                                         (abs)        000F63
_ADRPT                                          (abs)        000F66
_ADSTAT                                         (abs)        000F65
_ADSTATbits                                     (abs)        000F65
_ADSTPTH                                        (abs)        000F69
_ADSTPTL                                        (abs)        000F68
_ADUTHH                                         (abs)        000F6D
_ADUTHL                                         (abs)        000F6C
_ANSELA                                         (abs)        000E92
_ANSELB                                         (abs)        000E9A
_ANSELD                                         (abs)        000EA7
_ANSELE                                         (abs)        000EAF
_ANSELF                                         (abs)        000EB4
_ANSELG                                         (abs)        000EBC
_BAUD5CON                                       (abs)        000EE2
_C_N_SWALLconnectGND                            text59       013E0C
_Caps8seriesConnection                          text58       013D0E
_EUSART5_DefaultErrorHandler                    (abs)        000000
_EUSART5_DefaultFramingErrorHandler             (abs)        000000
_EUSART5_DefaultOverrunErrorHandler             (abs)        000000
_EUSART5_ErrorHandler                           nvBANK1      000150
_EUSART5_FramingErrorHandler                    nvBANK1      000156
_EUSART5_Initialize                             text53       013A3C
_EUSART5_OverrunErrorHandler                    nvBANK1      000153
_EUSART5_SetErrorHandler                        text56       013F04
_EUSART5_SetFramingErrorHandler                 text55       013EF6
_EUSART5_SetOverrunErrorHandler                 text54       013EE8
_EUSART5_Write                                  text39       013EA6
_Flag5sfastcharing                              bssBANK0     0000DB
_INLVLA                                         (abs)        000E8E
_INLVLB                                         (abs)        000E96
_INLVLC                                         (abs)        000E9E
_INLVLD                                         (abs)        000EA3
_INLVLE                                         (abs)        000EAB
_INLVLF                                         (abs)        000EB0
_INLVLG                                         (abs)        000EB8
_INLVLH                                         (abs)        000EBD
_INTCONbits                                     (abs)        000FF2
_INTERRUPT_Initialize                           text52       013F28
_INTERRUPT_InterruptManager                     intcode      000008
_LATA                                           (abs)        000F79
_LATAbits                                       (abs)        000F79
_LATB                                           (abs)        000F7A
_LATBbits                                       (abs)        000F7A
_LATC                                           (abs)        000F7B
_LATD                                           (abs)        000F7C
_LATDbits                                       (abs)        000F7C
_LATE                                           (abs)        000F7D
_LATEbits                                       (abs)        000F7D
_LATF                                           (abs)        000F7E
_LATFbits                                       (abs)        000F7E
_LATG                                           (abs)        000F7F
_LATGbits                                       (abs)        000F7F
_LATH                                           (abs)        000F80
_LATHbits                                       (abs)        000F80
_ODCONA                                         (abs)        000E90
_ODCONB                                         (abs)        000E98
_ODCONC                                         (abs)        000EA0
_ODCOND                                         (abs)        000EA5
_ODCONE                                         (abs)        000EAD
_ODCONF                                         (abs)        000EB2
_ODCONG                                         (abs)        000EBA
_ODCONH                                         (abs)        000EBF
_OSCCON1                                        (abs)        000E43
_OSCCON3                                        (abs)        000E45
_OSCEN                                          (abs)        000E47
_OSCFRQ                                         (abs)        000E49
_OSCILLATOR_Initialize                          text51       013EBE
_OSCTUNE                                        (abs)        000E48
_PIE5bits                                       (abs)        000E2E
_PIN_MANAGER_Initialize                         text50       013482
_PIR4bits                                       (abs)        000E37
_PIR5bits                                       (abs)        000E38
_PMD0                                           (abs)        000E4C
_PMD1                                           (abs)        000E4D
_PMD2                                           (abs)        000E4E
_PMD3                                           (abs)        000E4F
_PMD4                                           (abs)        000E50
_PMD5                                           (abs)        000E51
_PMD_Initialize                                 text49       013E8A
_PR6                                            (abs)        000FB0
_RC5REG                                         (abs)        000EDC
_RC5STA                                         (abs)        000EE0
_RC5STAbits                                     (abs)        000EE0
_RE2PPS                                         (abs)        000E74
_RX5PPS                                         (abs)        000E17
_SLRCONA                                        (abs)        000E8F
_SLRCONB                                        (abs)        000E97
_SLRCONC                                        (abs)        000E9F
_SLRCOND                                        (abs)        000EA4
_SLRCONE                                        (abs)        000EAC
_SLRCONF                                        (abs)        000EB1
_SLRCONG                                        (abs)        000EB9
_SLRCONH                                        (abs)        000EBE
_SP5BRGH                                        (abs)        000EDF
_SP5BRGL                                        (abs)        000EDE
_SYSTEM_Initialize                              text47       013E6C
_T6CLKCON                                       (abs)        000FB3
_T6CON                                          (abs)        000FB1
_T6CONbits                                      (abs)        000FB1
_T6HLT                                          (abs)        000FB2
_T6HLTbits                                      (abs)        000FB2
_T6PR                                           (abs)        000FB0
_T6RST                                          (abs)        000FB4
_T6RSTbits                                      (abs)        000FB4
_T6TMR                                          (abs)        000FAF
_TMR6                                           (abs)        000FAF
_TMR6_ISR                                       text61       013F12
_TMR6_Initialize                                text48       013E2E
_TMR6_InterruptHandler                          bssBANK0     0000CC
_TRISA                                          (abs)        000F81
_TRISB                                          (abs)        000F82
_TRISC                                          (abs)        000F83
_TRISD                                          (abs)        000F84
_TRISE                                          (abs)        000F85
_TRISF                                          (abs)        000F86
_TRISG                                          (abs)        000F87
_TRISH                                          (abs)        000F88
_TX5REG                                         (abs)        000EDD
_TX5STA                                         (abs)        000EE1
_TX5STAbits                                     (abs)        000EE1
_WPUA                                           (abs)        000E91
_WPUB                                           (abs)        000E99
_WPUC                                           (abs)        000EA1
_WPUD                                           (abs)        000EA6
_WPUE                                           (abs)        000EAE
_WPUF                                           (abs)        000EB3
_WPUG                                           (abs)        000EBB
_WPUH                                           (abs)        000EC0
__HRAM                                          (abs)        000000
__Habs1                                         abs1         000000
__Hbank0                                        bank0        000000
__Hbank1                                        bank1        000000
__Hbank10                                       bank10       000000
__Hbank11                                       bank11       000000
__Hbank12                                       bank12       000000
__Hbank13                                       bank13       000000
__Hbank2                                        bank2        000000
__Hbank3                                        bank3        000000
__Hbank4                                        bank4        000000
__Hbank5                                        bank5        000000
__Hbank6                                        bank6        000000
__Hbank7                                        bank7        000000
__Hbank8                                        bank8        000000
__Hbank9                                        bank9        000000
__Hbigbss                                       bigbss       000000
__Hbigdata                                      bigdata      000000
__Hbigram                                       bigram       000000
__Hbss                                          bss          000000
__HbssBANK0                                     bssBANK0     000000
__HbssBANK1                                     bssBANK1     000000
__HbssCOMRAM                                    bssCOMRAM    000000
__Hcinit                                        cinit        000000
__Hclrtext                                      clrtext      000000
__Hcomram                                       comram       000000
__Hconfig                                       config       30000C
__Hconst                                        const        000000
__HcstackBANK0                                  cstackBANK0  000000
__HcstackCOMRAM                                 cstackCOMRAM 000000
__Hdata                                         data         000000
__HdataBANK0                                    dataBANK0    000000
__Heeprom_data                                  eeprom_data  000000
__Hfarbss                                       farbss       000000
__Hfardata                                      fardata      000000
__Hibigdata                                     ibigdata     000000
__Hidata                                        idata        000000
__HidataBANK0                                   idataBANK0   000000
__Hidloc                                        idloc        200010
__Hifardata                                     ifardata     000000
__Hinit                                         init         000042
__Hintcode                                      intcode      00003E
__Hintcode_body                                 intcode_body 000000
__Hintcodelo                                    intcodelo    00003E
__Hintentry                                     intentry     000000
__Hintret                                       intret       000000
__Hintsave_regs                                 intsave_regs 000000
__Hirdata                                       irdata       000000
__Hmediumconst                                  mediumconst  010000
__HnvBANK0                                      nvBANK0      000000
__HnvBANK1                                      nvBANK1      000000
__HnvFARRAM                                     nvFARRAM     000000
__Hnvbit                                        nvbit        000000
__Hnvrram                                       nvrram       000000
__Hparam                                        rparam       000000
__Hpowerup                                      powerup      00003E
__Hram                                          ram          000000
__Hramtop                                       ramtop       000E00
__Hrbit                                         rbit         000000
__Hrbss                                         rbss         000000
__Hrdata                                        rdata        000000
__Hreset_vec                                    reset_vec    000004
__Hrparam                                       rparam       000000
__Hsfr                                          sfr          000000
__Hsmallconst                                   smallconst   000000
__Hspace_0                                      (abs)        013F2C
__Hspace_1                                      (abs)        00015A
__Hspace_2                                      (abs)        000000
__Hspace_4                                      (abs)        60000C
__Hstack                                        stack        000000
__Hstruct                                       struct       000000
__Htemp                                         temp         000060
__Htext                                         text         000000
__Htext0                                        text0        000000
__Htext1                                        text1        000000
__Htext10                                       text10       000000
__Htext11                                       text11       000000
__Htext12                                       text12       000000
__Htext13                                       text13       000000
__Htext14                                       text14       000000
__Htext15                                       text15       000000
__Htext16                                       text16       000000
__Htext17                                       text17       000000
__Htext18                                       text18       000000
__Htext19                                       text19       000000
__Htext2                                        text2        000000
__Htext20                                       text20       000000
__Htext21                                       text21       000000
__Htext22                                       text22       000000
__Htext23                                       text23       000000
__Htext24                                       text24       000000
__Htext25                                       text25       000000
__Htext26                                       text26       000000
__Htext27                                       text27       000000
__Htext28                                       text28       000000
__Htext29                                       text29       000000
__Htext3                                        text3        000000
__Htext30                                       text30       000000
__Htext31                                       text31       000000
__Htext32                                       text32       000000
__Htext33                                       text33       000000
__Htext34                                       text34       000000
__Htext35                                       text35       000000
__Htext36                                       text36       000000
__Htext37                                       text37       000000
__Htext38                                       text38       000000
__Htext39                                       text39       000000
__Htext4                                        text4        000000
__Htext40                                       text40       000000
__Htext41                                       text41       000000
__Htext42                                       text42       000000
__Htext43                                       text43       000000
__Htext44                                       text44       000000
__Htext45                                       text45       000000
__Htext46                                       text46       000000
__Htext47                                       text47       000000
__Htext48                                       text48       000000
__Htext49                                       text49       000000
__Htext5                                        text5        000000
__Htext50                                       text50       000000
__Htext51                                       text51       000000
__Htext52                                       text52       000000
__Htext53                                       text53       000000
__Htext54                                       text54       000000
__Htext55                                       text55       000000
__Htext56                                       text56       000000
__Htext57                                       text57       000000
__Htext58                                       text58       000000
__Htext59                                       text59       000000
__Htext6                                        text6        000000
__Htext61                                       text61       000000
__Htext7                                        text7        000000
__Htext8                                        text8        000000
__Htext9                                        text9        000000
__LRAM                                          (abs)        000001
__Labs1                                         abs1         000000
__Lbank0                                        bank0        000000
__Lbank1                                        bank1        000000
__Lbank10                                       bank10       000000
__Lbank11                                       bank11       000000
__Lbank12                                       bank12       000000
__Lbank13                                       bank13       000000
__Lbank2                                        bank2        000000
__Lbank3                                        bank3        000000
__Lbank4                                        bank4        000000
__Lbank5                                        bank5        000000
__Lbank6                                        bank6        000000
__Lbank7                                        bank7        000000
__Lbank8                                        bank8        000000
__Lbank9                                        bank9        000000
__Lbigbss                                       bigbss       000000
__Lbigdata                                      bigdata      000000
__Lbigram                                       bigram       000000
__Lbss                                          bss          000000
__LbssBANK0                                     bssBANK0     000000
__LbssBANK1                                     bssBANK1     000000
__LbssCOMRAM                                    bssCOMRAM    000000
__Lcinit                                        cinit        000000
__Lclrtext                                      clrtext      000000
__Lcomram                                       comram       000000
__Lconfig                                       config       000000
__Lconst                                        const        000000
__LcstackBANK0                                  cstackBANK0  000000
__LcstackCOMRAM                                 cstackCOMRAM 000000
__Ldata                                         data         000000
__LdataBANK0                                    dataBANK0    000000
__Leeprom_data                                  eeprom_data  000000
__Lfarbss                                       farbss       000000
__Lfardata                                      fardata      000000
__Libigdata                                     ibigdata     000000
__Lidata                                        idata        000000
__LidataBANK0                                   idataBANK0   000000
__Lidloc                                        idloc        000000
__Lifardata                                     ifardata     000000
__Linit                                         init         00003E
__Lintcode                                      intcode      000008
__Lintcode_body                                 intcode_body 000000
__Lintcodelo                                    intcodelo    00003E
__Lintentry                                     intentry     000000
__Lintret                                       intret       000000
__Lintsave_regs                                 intsave_regs 000000
__Lirdata                                       irdata       000000
__Lmediumconst                                  mediumconst  00FDD0
__LnvBANK0                                      nvBANK0      000000
__LnvBANK1                                      nvBANK1      000000
__LnvFARRAM                                     nvFARRAM     000000
__Lnvbit                                        nvbit        000000
__Lnvrram                                       nvrram       000000
__Lparam                                        rparam       000000
__Lpowerup                                      powerup      00003E
__Lram                                          ram          000000
__Lramtop                                       ramtop       000E00
__Lrbit                                         rbit         000000
__Lrbss                                         rbss         000000
__Lrdata                                        rdata        000000
__Lreset_vec                                    reset_vec    000000
__Lrparam                                       rparam       000000
__Lsfr                                          sfr          000000
__Lsmallconst                                   smallconst   000000
__Lspace_0                                      (abs)        000000
__Lspace_1                                      (abs)        000000
__Lspace_2                                      (abs)        000000
__Lspace_4                                      (abs)        000000
__Lstack                                        stack        000000
__Lstruct                                       struct       000000
__Ltemp                                         temp         00005F
__Ltext                                         text         000000
__Ltext0                                        text0        000000
__Ltext1                                        text1        000000
__Ltext10                                       text10       000000
__Ltext11                                       text11       000000
__Ltext12                                       text12       000000
__Ltext13                                       text13       000000
__Ltext14                                       text14       000000
__Ltext15                                       text15       000000
__Ltext16                                       text16       000000
__Ltext17                                       text17       000000
__Ltext18                                       text18       000000
__Ltext19                                       text19       000000
__Ltext2                                        text2        000000
__Ltext20                                       text20       000000
__Ltext21                                       text21       000000
__Ltext22                                       text22       000000
__Ltext23                                       text23       000000
__Ltext24                                       text24       000000
__Ltext25                                       text25       000000
__Ltext26                                       text26       000000
__Ltext27                                       text27       000000
__Ltext28                                       text28       000000
__Ltext29                                       text29       000000
__Ltext3                                        text3        000000
__Ltext30                                       text30       000000
__Ltext31                                       text31       000000
__Ltext32                                       text32       000000
__Ltext33                                       text33       000000
__Ltext34                                       text34       000000
__Ltext35                                       text35       000000
__Ltext36                                       text36       000000
__Ltext37                                       text37       000000
__Ltext38                                       text38       000000
__Ltext39                                       text39       000000
__Ltext4                                        text4        000000
__Ltext40                                       text40       000000
__Ltext41                                       text41       000000
__Ltext42                                       text42       000000
__Ltext43                                       text43       000000
__Ltext44                                       text44       000000
__Ltext45                                       text45       000000
__Ltext46                                       text46       000000
__Ltext47                                       text47       000000
__Ltext48                                       text48       000000
__Ltext49                                       text49       000000
__Ltext5                                        text5        000000
__Ltext50                                       text50       000000
__Ltext51                                       text51       000000
__Ltext52                                       text52       000000
__Ltext53                                       text53       000000
__Ltext54                                       text54       000000
__Ltext55                                       text55       000000
__Ltext56                                       text56       000000
__Ltext57                                       text57       000000
__Ltext58                                       text58       000000
__Ltext59                                       text59       000000
__Ltext6                                        text6        000000
__Ltext61                                       text61       000000
__Ltext7                                        text7        000000
__Ltext8                                        text8        000000
__Ltext9                                        text9        000000
__S0                                            (abs)        013F2C
__S1                                            (abs)        00015A
__S2                                            (abs)        000000
__S4                                            (abs)        000000
__S5                                            (abs)        000000
___aodiv                                        text42       012C22
___aodiv@counter                                cstackCOMRAM 000011
___aodiv@dividend                               cstackCOMRAM 000001
___aodiv@divisor                                cstackCOMRAM 000009
___aodiv@quotient                               cstackCOMRAM 000013
___aodiv@sign                                   cstackCOMRAM 000012
___aomod                                        text41       012DAA
___aomod@counter                                cstackCOMRAM 000011
___aomod@dividend                               cstackCOMRAM 000001
___aomod@divisor                                cstackCOMRAM 000009
___aomod@sign                                   cstackCOMRAM 000012
___awdiv                                        text32       0133BE
___awdiv@counter                                cstackCOMRAM 000005
___awdiv@dividend                               cstackCOMRAM 000001
___awdiv@divisor                                cstackCOMRAM 000003
___awdiv@quotient                               cstackCOMRAM 000007
___awdiv@sign                                   cstackCOMRAM 000006
___awmod                                        text31       013544
___awmod@counter                                cstackCOMRAM 000005
___awmod@dividend                               cstackCOMRAM 000001
___awmod@divisor                                cstackCOMRAM 000003
___awmod@sign                                   cstackCOMRAM 000006
___fladd                                        text25       011238
___fladd@a                                      cstackCOMRAM 000005
___fladd@aexp                                   cstackCOMRAM 00000E
___fladd@b                                      cstackCOMRAM 000001
___fladd@bexp                                   cstackCOMRAM 00000F
___fladd@grs                                    cstackCOMRAM 000010
___fladd@signs                                  cstackCOMRAM 00000D
___fldiv                                        text30       011B22
___fldiv@a                                      cstackCOMRAM 000005
___fldiv@aexp                                   cstackCOMRAM 000019
___fldiv@b                                      cstackCOMRAM 000001
___fldiv@bexp                                   cstackCOMRAM 000018
___fldiv@grs                                    cstackCOMRAM 000014
___fldiv@new_exp                                cstackCOMRAM 000012
___fldiv@rem                                    cstackCOMRAM 00000D
___fldiv@sign                                   cstackCOMRAM 000011
___fleq                                         text29       0135F4
___fleq@ff1                                     cstackCOMRAM 000001
___fleq@ff2                                     cstackCOMRAM 000005
___flge                                         text28       013014
___flge@ff1                                     cstackCOMRAM 000028
___flge@ff2                                     cstackCOMRAM 00002C
___flmul                                        text27       0116F8
___flmul@a                                      cstackCOMRAM 000013
___flmul@aexp                                   cstackCOMRAM 000020
___flmul@b                                      cstackCOMRAM 00000F
___flmul@bexp                                   cstackCOMRAM 000021
___flmul@grs                                    cstackCOMRAM 00001C
___flmul@prod                                   cstackCOMRAM 000022
___flmul@sign                                   cstackCOMRAM 00001B
___flmul@temp                                   cstackCOMRAM 000026
___flneg                                        text26       013C68
___flneg@f1                                     cstackCOMRAM 000001
___flsub                                        text24       013B22
___flsub@a                                      cstackCOMRAM 00002C
___flsub@b                                      cstackCOMRAM 000028
___fltol                                        text23       012F0E
___fltol@exp1                                   cstackCOMRAM 00000A
___fltol@f1                                     cstackCOMRAM 000001
___fltol@sign1                                  cstackCOMRAM 000009
___fpclassifyf                                  text22       013118
___fpclassifyf@F465                             bssBANK0     0000B8
___fpclassifyf@e                                cstackCOMRAM 000009
___fpclassifyf@u                                cstackCOMRAM 00000B
___fpclassifyf@x                                cstackCOMRAM 000001
___inthi_sp                                     stack        000000
___intlo_sp                                     stack        000000
___param_bank                                   (abs)        000000
___rparam_used                                  (abs)        000001
___sp                                           stack        000000
___wmul                                         text46       013DC2
___wmul@multiplicand                            cstackCOMRAM 000003
___wmul@multiplier                              cstackCOMRAM 000001
___wmul@product                                 cstackCOMRAM 000005
___xxtofl                                       text10       012576
___xxtofl@arg                                   cstackCOMRAM 00000B
___xxtofl@exp                                   cstackCOMRAM 00000A
___xxtofl@sign                                  cstackCOMRAM 000009
___xxtofl@val                                   cstackCOMRAM 000001
__accesstop                                     (abs)        000060
__activetblptr                                  (abs)        000003
__end_of_ADCC_GetSingleConversion               text11       013D72
__end_of_ADCC_Initialize                        text57       013A3C
__end_of_C_N_SWALLconnectGND                    text59       013E2E
__end_of_Caps8seriesConnection                  text58       013D44
__end_of_EUSART5_Initialize                     text53       013A8A
__end_of_EUSART5_SetErrorHandler                text56       013F12
__end_of_EUSART5_SetFramingErrorHandler         text55       013F04
__end_of_EUSART5_SetOverrunErrorHandler         text54       013EF6
__end_of_EUSART5_Write                          text39       013EBE
__end_of_INTERRUPT_Initialize                   text52       013F2C
__end_of_INTERRUPT_InterruptManager             intcode      00003E
__end_of_OSCILLATOR_Initialize                  text51       013ED6
__end_of_PIN_MANAGER_Initialize                 text50       013544
__end_of_PMD_Initialize                         text49       013EA6
__end_of_SYSTEM_Initialize                      text47       013E8A
__end_of_TMR6_ISR                               text61       013F1E
__end_of_TMR6_Initialize                        text48       013E4E
__end_of___aodiv                                text42       012DAA
__end_of___aomod                                text41       012F0E
__end_of___awdiv                                text32       013482
__end_of___awmod                                text31       0135F4
__end_of___fladd                                text25       0116F8
__end_of___fldiv                                text30       011EBC
__end_of___fleq                                 text29       01369E
__end_of___flge                                 text28       013118
__end_of___flmul                                text27       011B22
__end_of___flneg                                text26       013CA0
__end_of___flsub                                text24       013B68
__end_of___fltol                                text23       013014
__end_of___fpclassifyf                          text22       013216
__end_of___wmul                                 text46       013DE8
__end_of___xxtofl                               text10       01272A
__end_of__initialization                        cinit        013BA2
__end_of_abs                                    text40       013C30
__end_of_addCapToParallel                       text6        0128DC
__end_of_atoi                                   text43       012A80
__end_of_decoupleCapArray                       text5        013E6C
__end_of_delayedBrownOut                        text7        0137A2
__end_of_dtoa                                   text33       0121A0
__end_of_efgtoa                                 text17       010CA6
__end_of_fastChargingcaps                       text2        012576
__end_of_floorf                                 text21       0123B2
__end_of_fputc                                  text37       013734
__end_of_fputs                                  text36       013BF0
__end_of_getADCValue                            text9        013810
__end_of_isdigit                                text45       013CD8
__end_of_isolateCapsToSeries                    text12       012C22
__end_of_isolatedOneTaskCap                     text1        013EE8
__end_of_isspace                                text44       0139EC
__end_of_isupper                                text19       013C68
__end_of_main                                   text0        013876
__end_of_pad                                    text34       0133BE
__end_of_printf                                 text13       013DC2
__end_of_putch                                  text38       013F28
__end_of_sampleChargingCapArray                 text4        013B22
__end_of_sampleEHvoc                            text3        013AD6
__end_of_sampleTaskCapArray                     text8        013D9C
__end_of_strcpy                                 text20       01399A
__end_of_strlen                                 text35       013D0E
__end_of_strncmp                                text16       0132F8
__end_of_tolower                                text18       01393C
__end_of_vfpfcnvrt                              text15       011238
__end_of_vfprintf                               text14       0138DC
__initialization                                cinit        013B68
__mediumconst                                   mediumconst  00FDD0
__pbssBANK0                                     bssBANK0     0000B4
__pbssBANK1                                     bssBANK1     000100
__pbssCOMRAM                                    bssCOMRAM    00005E
__pcinit                                        cinit        013B68
__pcstackBANK0                                  cstackBANK0  000060
__pcstackCOMRAM                                 cstackCOMRAM 000001
__pdataBANK0                                    dataBANK0    0000DC
__pidataBANK0                                   idataBANK0   013DE8
__pintcode                                      intcode      000008
__pmediumconst                                  mediumconst  00FDD0
__pnvBANK0                                      nvBANK0      0000FF
__pnvBANK1                                      nvBANK1      000150
__ptext0                                        text0        013810
__ptext1                                        text1        013ED6
__ptext10                                       text10       012576
__ptext11                                       text11       013D44
__ptext12                                       text12       012A80
__ptext13                                       text13       013D9C
__ptext14                                       text14       013876
__ptext15                                       text15       010CA6
__ptext16                                       text16       013216
__ptext17                                       text17       010000
__ptext18                                       text18       0138DC
__ptext19                                       text19       013C30
__ptext2                                        text2        0123B2
__ptext20                                       text20       01393C
__ptext21                                       text21       0121A0
__ptext22                                       text22       013118
__ptext23                                       text23       012F0E
__ptext24                                       text24       013B22
__ptext25                                       text25       011238
__ptext26                                       text26       013C68
__ptext27                                       text27       0116F8
__ptext28                                       text28       013014
__ptext29                                       text29       0135F4
__ptext3                                        text3        013A8A
__ptext30                                       text30       011B22
__ptext31                                       text31       013544
__ptext32                                       text32       0133BE
__ptext33                                       text33       011EBC
__ptext34                                       text34       0132F8
__ptext35                                       text35       013CD8
__ptext36                                       text36       013BAC
__ptext37                                       text37       01369E
__ptext38                                       text38       013F1E
__ptext39                                       text39       013EA6
__ptext4                                        text4        013AD6
__ptext40                                       text40       013BF0
__ptext41                                       text41       012DAA
__ptext42                                       text42       012C22
__ptext43                                       text43       0128DC
__ptext44                                       text44       01399A
__ptext45                                       text45       013CA0
__ptext46                                       text46       013DC2
__ptext47                                       text47       013E6C
__ptext48                                       text48       013E2E
__ptext49                                       text49       013E8A
__ptext5                                        text5        013E4E
__ptext50                                       text50       013482
__ptext51                                       text51       013EBE
__ptext52                                       text52       013F28
__ptext53                                       text53       013A3C
__ptext54                                       text54       013EE8
__ptext55                                       text55       013EF6
__ptext56                                       text56       013F04
__ptext57                                       text57       0139EC
__ptext58                                       text58       013D0E
__ptext59                                       text59       013E0C
__ptext6                                        text6        01272A
__ptext61                                       text61       013F12
__ptext7                                        text7        013734
__ptext8                                        text8        013D72
__ptext9                                        text9        0137A2
__ramtop                                        ramtop       000E00
__size_of_ADCC_GetSingleConversion              (abs)        000000
__size_of_ADCC_Initialize                       (abs)        000000
__size_of_C_N_SWALLconnectGND                   (abs)        000000
__size_of_Caps8seriesConnection                 (abs)        000000
__size_of_EUSART5_Initialize                    (abs)        000000
__size_of_EUSART5_SetErrorHandler               (abs)        000000
__size_of_EUSART5_SetFramingErrorHandler        (abs)        000000
__size_of_EUSART5_SetOverrunErrorHandler        (abs)        000000
__size_of_EUSART5_Write                         (abs)        000000
__size_of_INTERRUPT_Initialize                  (abs)        000000
__size_of_INTERRUPT_InterruptManager            (abs)        000000
__size_of_OSCILLATOR_Initialize                 (abs)        000000
__size_of_PIN_MANAGER_Initialize                (abs)        000000
__size_of_PMD_Initialize                        (abs)        000000
__size_of_SYSTEM_Initialize                     (abs)        000000
__size_of_TMR6_ISR                              (abs)        000000
__size_of_TMR6_Initialize                       (abs)        000000
__size_of___aodiv                               (abs)        000000
__size_of___aomod                               (abs)        000000
__size_of___awdiv                               (abs)        000000
__size_of___awmod                               (abs)        000000
__size_of___fladd                               (abs)        000000
__size_of___fldiv                               (abs)        000000
__size_of___fleq                                (abs)        000000
__size_of___flge                                (abs)        000000
__size_of___flmul                               (abs)        000000
__size_of___flneg                               (abs)        000000
__size_of___flsub                               (abs)        000000
__size_of___fltol                               (abs)        000000
__size_of___fpclassifyf                         (abs)        000000
__size_of___wmul                                (abs)        000000
__size_of___xxtofl                              (abs)        000000
__size_of_abs                                   (abs)        000000
__size_of_addCapToParallel                      (abs)        000000
__size_of_atoi                                  (abs)        000000
__size_of_decoupleCapArray                      (abs)        000000
__size_of_delayedBrownOut                       (abs)        000000
__size_of_dtoa                                  (abs)        000000
__size_of_efgtoa                                (abs)        000000
__size_of_fastChargingcaps                      (abs)        000000
__size_of_floorf                                (abs)        000000
__size_of_fputc                                 (abs)        000000
__size_of_fputs                                 (abs)        000000
__size_of_getADCValue                           (abs)        000000
__size_of_isdigit                               (abs)        000000
__size_of_isolateCapsToSeries                   (abs)        000000
__size_of_isolatedOneTaskCap                    (abs)        000000
__size_of_isspace                               (abs)        000000
__size_of_isupper                               (abs)        000000
__size_of_main                                  (abs)        000000
__size_of_pad                                   (abs)        000000
__size_of_printf                                (abs)        000000
__size_of_putch                                 (abs)        000000
__size_of_sampleChargingCapArray                (abs)        000000
__size_of_sampleEHvoc                           (abs)        000000
__size_of_sampleTaskCapArray                    (abs)        000000
__size_of_strcpy                                (abs)        000000
__size_of_strlen                                (abs)        000000
__size_of_strncmp                               (abs)        000000
__size_of_tolower                               (abs)        000000
__size_of_vfpfcnvrt                             (abs)        000000
__size_of_vfprintf                              (abs)        000000
__smallconst                                    smallconst   000000
_abs                                            text40       013BF0
_addCapToParallel                               text6        01272A
_atoi                                           text43       0128DC
_atoi$2062                                      cstackCOMRAM 000010
_atoi$2063                                      cstackCOMRAM 000014
_atoi$2064                                      cstackCOMRAM 000012
_capParalle_count                               nvBANK0      0000FF
_capSeries_count                                nvBANK1      000159
_capTaskParalle_count                           bssBANK0     0000D7
_capTaskSeries_count                            bssCOMRAM    00005E
_command11                                      dataBANK0    0000DC
_command12                                      dataBANK0    0000EF
_command13                                      dataBANK0    0000F9
_command14                                      dataBANK0    0000F2
_command16                                      dataBANK0    0000EC
_command17                                      dataBANK0    0000E9
_command18                                      dataBANK0    0000E6
_command19                                      dataBANK0    0000E3
_command20                                      dataBANK0    0000E0
_dbuf                                           bssBANK1     000100
_decoupleCapArray                               text5        013E4E
_delayedBrownOut                                text7        013734
_dtoa                                           text33       011EBC
_dtoa$1972                                      cstackCOMRAM 000030
_efgtoa                                         text17       010000
_efgtoa$1996                                    cstackBANK0  000060
_efgtoa$1997                                    cstackBANK0  000062
_efgtoa$2001                                    cstackBANK0  000064
_efgtoa$2005                                    cstackBANK0  000066
_efgtoa$2006                                    cstackBANK0  000068
_efgtoa$2007                                    cstackBANK0  00006A
_eusart5RxLastError                             bssBANK0     0000DA
_fastChargingcaps                               text2        0123B2
_flags                                          bssBANK0     0000D5
_floorf                                         text21       0121A0
_fputc                                          text37       01369E
_fputs                                          text36       013BAC
_getADCValue                                    text9        0137A2
_isdigit                                        text45       013CA0
_isolateCapsToSeries                            text12       012A80
_isolatedOneTaskCap                             text1        013ED6
_isolatedflag                                   bssBANK0     0000D9
_isspace                                        text44       01399A
_isspace$2093                                   cstackCOMRAM 000007
_isupper                                        text19       013C30
_main                                           text0        013810
_msgOK                                          dataBANK0    0000FC
_nout                                           bssBANK0     0000CF
_pad                                            text34       0132F8
_prec                                           bssBANK0     0000D3
_printf                                         text13       013D9C
_putch                                          text38       013F1E
_sampleChargingCapArray                         text4        013AD6
_sampleEHvoc                                    text3        013A8A
_sampleTaskCapArray                             text8        013D72
_strcpy                                         text20       01393C
_strlen                                         text35       013CD8
_strncmp                                        text16       013216
_tolower                                        text18       0138DC
_tolower$2154                                   cstackCOMRAM 00000D
_vcap_current                                   bssBANK0     0000BC
_vcap_prev                                      bssBANK0     0000C0
_vfpfcnvrt                                      text15       010CA6
_vfpfcnvrt$2021                                 cstackBANK0  0000A0
_vfpfcnvrt$2026                                 cstackBANK0  0000A2
_vfprintf                                       text14       013876
_voc_current                                    bssBANK0     0000C4
_voc_prev                                       bssBANK0     0000C8
_width                                          bssBANK0     0000D1
abs@a                                           cstackCOMRAM 000013
atoi@n                                          cstackCOMRAM 000015
atoi@neg                                        cstackCOMRAM 00000E
atoi@s                                          cstackCOMRAM 000008
btemp                                           temp         00005F
decoupleCapArray@state                          cstackCOMRAM 000001
delayedBrownOut@vcap                            cstackBANK0  0000AC
dtoa@d                                          cstackCOMRAM 000020
dtoa@fp                                         cstackCOMRAM 00001E
dtoa@i                                          cstackCOMRAM 000040
dtoa@n                                          cstackCOMRAM 000038
dtoa@p                                          cstackCOMRAM 000032
dtoa@s                                          cstackCOMRAM 000036
dtoa@w                                          cstackCOMRAM 000034
efgtoa@c                                        cstackCOMRAM 00003A
efgtoa@d                                        cstackBANK0  000078
efgtoa@e                                        cstackBANK0  000090
efgtoa@f                                        cstackCOMRAM 000036
efgtoa@fp                                       cstackCOMRAM 000034
efgtoa@g                                        cstackBANK0  00008C
efgtoa@h                                        cstackBANK0  000082
efgtoa@i                                        cstackBANK0  00008A
efgtoa@l                                        cstackBANK0  000086
efgtoa@m                                        cstackBANK0  000072
efgtoa@mode                                     cstackBANK0  000081
efgtoa@n                                        cstackBANK0  000092
efgtoa@ne                                       cstackBANK0  000070
efgtoa@nmode                                    cstackBANK0  000080
efgtoa@ou                                       cstackBANK0  000074
efgtoa@p                                        cstackBANK0  00007C
efgtoa@pp                                       cstackBANK0  00006E
efgtoa@sign                                     cstackBANK0  00007A
efgtoa@t                                        cstackBANK0  00006C
efgtoa@u                                        cstackBANK0  000094
efgtoa@w                                        cstackBANK0  00007E
end_of_initialization                           cinit        013BA2
fastChargingcaps@vcap                           cstackBANK0  0000B0
fastChargingcaps@voc                            cstackBANK0  0000AC
floorf@F527                                     bssBANK0     0000B4
floorf@e                                        cstackCOMRAM 000028
floorf@m                                        cstackCOMRAM 000024
floorf@u                                        cstackCOMRAM 00002A
floorf@x                                        cstackCOMRAM 00001A
fputc@c                                         cstackCOMRAM 000003
fputc@fp                                        cstackCOMRAM 000005
fputs@c                                         cstackCOMRAM 000010
fputs@fp                                        cstackCOMRAM 00000E
fputs@i                                         cstackCOMRAM 000011
fputs@s                                         cstackCOMRAM 00000C
getADCValue@ADC_float                           cstackCOMRAM 00002C
getADCValue@getADCValue                         cstackCOMRAM 000030
int$flags                                       temp         00005F
intlevel0                                       text         000000
intlevel1                                       text         000000
intlevel2                                       text         000000
intlevel3                                       text         000000
isa$std                                         (abs)        000001
isa$xinst                                       (abs)        000000
isdigit@c                                       cstackCOMRAM 000001
isspace@c                                       cstackCOMRAM 000001
isupper@c                                       cstackCOMRAM 000001
pad@buf                                         cstackCOMRAM 000015
pad@fp                                          cstackCOMRAM 000013
pad@i                                           cstackCOMRAM 00001A
pad@p                                           cstackCOMRAM 000017
pad@w                                           cstackCOMRAM 00001C
printf@ap                                       cstackCOMRAM 00005A
printf@fmt                                      cstackCOMRAM 000054
putch@txData                                    cstackCOMRAM 000002
sampleChargingCapArray@vcap                     cstackCOMRAM 000036
sampleEHvoc@voc                                 cstackCOMRAM 000036
sampleTaskCapArray@vcap                         cstackCOMRAM 000036
stackhi                                         (abs)        000DE9
stacklo                                         (abs)        00015A
start                                           init         00003E
start_initialization                            cinit        013B68
strcpy@d                                        cstackCOMRAM 000009
strcpy@dest                                     cstackCOMRAM 000001
strcpy@s                                        cstackCOMRAM 000007
strcpy@src                                      cstackCOMRAM 000003
strlen@a                                        cstackCOMRAM 000003
strlen@s                                        cstackCOMRAM 000001
strncmp@_l                                      cstackCOMRAM 000001
strncmp@_r                                      cstackCOMRAM 000003
strncmp@l                                       cstackCOMRAM 000008
strncmp@n                                       cstackCOMRAM 000005
strncmp@r                                       cstackCOMRAM 00000A
tolower@c                                       cstackCOMRAM 000007
ttemp5                                          temp         000060
ttemp6                                          temp         000063
ttemp7                                          temp         000067
vfpfcnvrt@ap                                    cstackCOMRAM 000046
vfpfcnvrt@c                                     cstackBANK0  0000AB
vfpfcnvrt@ct                                    cstackBANK0  0000A8
vfpfcnvrt@f                                     cstackBANK0  0000A4
vfpfcnvrt@fmt                                   cstackCOMRAM 000044
vfpfcnvrt@fp                                    cstackCOMRAM 000042
vfpfcnvrt@ll                                    cstackBANK0  000098
vfprintf@ap                                     cstackCOMRAM 000050
vfprintf@cfmt                                   cstackCOMRAM 000052
vfprintf@fmt                                    cstackCOMRAM 00004E
vfprintf@fp                                     cstackCOMRAM 00004C
wtemp8                                          temp         000060


MODULE INFORMATION

Module		Function		Class		Link	Load	Size
C:\Program Files\Microchip\xc8\v2.32\pic\sources\c99\common\awdiv.c
		___awdiv       		CODE           	133BE	0000	196

C:\Program Files\Microchip\xc8\v2.32\pic\sources\c99\common\awdiv.c estimated size: 196

C:\Program Files\Microchip\xc8\v2.32\pic\sources\c99\common\isdigit.c
		_isdigit       		CODE           	13CA0	0000	56

C:\Program Files\Microchip\xc8\v2.32\pic\sources\c99\common\isdigit.c estimated size: 56

C:\Program Files\Microchip\xc8\v2.32\pic\sources\c99\common\sprcadd.c
		___flsub       		CODE           	13B22	0000	70
		___fladd       		CODE           	11238	0000	1216

C:\Program Files\Microchip\xc8\v2.32\pic\sources\c99\common\sprcadd.c estimated size: 1286

mcc_generated_files/tmr6.c
		_TMR6_ISR      		CODE           	13F12	0000	12
		_TMR6_Initialize		CODE           	13E2E	0000	32

mcc_generated_files/tmr6.c estimated size: 44

C:\Program Files\Microchip\xc8\v2.32\pic\sources\c99\common\doprnt.c
		_vfpfcnvrt     		CODE           	10CA6	0000	1426
		_efgtoa        		CODE           	10000	0000	3238
		_pad           		CODE           	132F8	0000	198
		_dtoa          		CODE           	11EBC	0000	740
		_vfprintf      		CODE           	13876	0000	102

C:\Program Files\Microchip\xc8\v2.32\pic\sources\c99\common\doprnt.c estimated size: 5704

C:\Program Files\Microchip\xc8\v2.32\pic\sources\c99\common\flneg.c
		___flneg       		CODE           	13C68	0000	56

C:\Program Files\Microchip\xc8\v2.32\pic\sources\c99\common\flneg.c estimated size: 56

mcc_generated_files/interrupt_manager.c
		_INTERRUPT_Initialize		CODE           	13F28	0000	4
		_INTERRUPT_InterruptManager		CODE           	0008	0000	54

mcc_generated_files/interrupt_manager.c estimated size: 58

mcc_generated_files/pin_manager.c
		_PIN_MANAGER_Initialize		CODE           	13482	0000	194

mcc_generated_files/pin_manager.c estimated size: 194

ConfigureCaps.c
		_isolateCapsToSeries		CODE           	12A80	0000	418
		_isolatedOneTaskCap		CODE           	13ED6	0000	18
		_delayedBrownOut		CODE           	13734	0000	110
		_decoupleCapArray		CODE           	13E4E	0000	30
		_fastChargingcaps		CODE           	123B2	0000	452
		_addCapToParallel		CODE           	1272A	0000	434
		_sampleEHvoc   		CODE           	13A8A	0000	76
		_sampleTaskCapArray		CODE           	13D72	0000	42
		_sampleChargingCapArray		CODE           	13AD6	0000	76
		_C_N_SWALLconnectGND		CODE           	13E0C	0000	34
		_Caps8seriesConnection		CODE           	13D0E	0000	54

ConfigureCaps.c estimated size: 1744

C:\Program Files\Microchip\xc8\v2.32\pic\sources\c99\common\atoi.c
		_atoi          		CODE           	128DC	0000	420

C:\Program Files\Microchip\xc8\v2.32\pic\sources\c99\common\atoi.c estimated size: 420

C:\Program Files\Microchip\xc8\v2.32\pic\sources\c99\common\nf_fputs.c
		_fputs         		CODE           	13BAC	0000	68

C:\Program Files\Microchip\xc8\v2.32\pic\sources\c99\common\nf_fputs.c estimated size: 68

C:\Program Files\Microchip\xc8\v2.32\pic\sources\c99\common\fleq.c
		___fleq        		CODE           	135F4	0000	170

C:\Program Files\Microchip\xc8\v2.32\pic\sources\c99\common\fleq.c estimated size: 170

C:\Program Files\Microchip\xc8\v2.32\pic\sources\c99\common\__fpclassifyf.c
		___fpclassifyf 		CODE           	13118	0000	254

C:\Program Files\Microchip\xc8\v2.32\pic\sources\c99\common\__fpclassifyf.c estimated size: 254

C:\Program Files\Microchip\xc8\v2.32\pic\sources\c99\common\isupper.c
		_isupper       		CODE           	13C30	0000	56

C:\Program Files\Microchip\xc8\v2.32\pic\sources\c99\common\isupper.c estimated size: 56

C:\Program Files\Microchip\xc8\v2.32\pic\sources\c99\common\Umul16.c
		___wmul        		CODE           	13DC2	0000	38

C:\Program Files\Microchip\xc8\v2.32\pic\sources\c99\common\Umul16.c estimated size: 38

C:\Program Files\Microchip\xc8\v2.32\pic\sources\c99\common\abs.c
		_abs           		CODE           	13BF0	0000	64

C:\Program Files\Microchip\xc8\v2.32\pic\sources\c99\common\abs.c estimated size: 64

C:\Program Files\Microchip\xc8\v2.32\pic\sources\c99\common\aomod.c
		___aomod       		CODE           	12DAA	0000	356

C:\Program Files\Microchip\xc8\v2.32\pic\sources\c99\common\aomod.c estimated size: 356

mcc_generated_files/eusart5.c
		_EUSART5_SetFramingErrorHandler		CODE           	13EF6	0000	14
		_putch         		CODE           	13F1E	0000	10
		_EUSART5_SetOverrunErrorHandler		CODE           	13EE8	0000	14
		_EUSART5_SetErrorHandler		CODE           	13F04	0000	14
		_EUSART5_Write 		CODE           	13EA6	0000	24
		_EUSART5_Initialize		CODE           	13A3C	0000	78

mcc_generated_files/eusart5.c estimated size: 154

C:\Program Files\Microchip\xc8\v2.32\pic\sources\c99\common\isspace.c
		_isspace       		CODE           	1399A	0000	82

C:\Program Files\Microchip\xc8\v2.32\pic\sources\c99\common\isspace.c estimated size: 82

C:\Program Files\Microchip\xc8\v2.32\pic\sources\c99\common\strncmp.c
		_strncmp       		CODE           	13216	0000	226

C:\Program Files\Microchip\xc8\v2.32\pic\sources\c99\common\strncmp.c estimated size: 226

C:\Program Files\Microchip\xc8\v2.32\pic\sources\c99\common\tolower.c
		_tolower       		CODE           	138DC	0000	96

C:\Program Files\Microchip\xc8\v2.32\pic\sources\c99\common\tolower.c estimated size: 96

shared
		__initialization		CODE           	13B68	0000	58

shared estimated size: 58

C:\Program Files\Microchip\xc8\v2.32\pic\sources\c99\common\sprcmul.c
		___flmul       		CODE           	116F8	0000	1066

C:\Program Files\Microchip\xc8\v2.32\pic\sources\c99\common\sprcmul.c estimated size: 1066

C:\Program Files\Microchip\xc8\v2.32\pic\sources\c99\common\awmod.c
		___awmod       		CODE           	13544	0000	176

C:\Program Files\Microchip\xc8\v2.32\pic\sources\c99\common\awmod.c estimated size: 176

mcc_generated_files/mcc.c
		_PMD_Initialize		CODE           	13E8A	0000	28
		_OSCILLATOR_Initialize		CODE           	13EBE	0000	24
		_SYSTEM_Initialize		CODE           	13E6C	0000	30

mcc_generated_files/mcc.c estimated size: 82

C:\Program Files\Microchip\xc8\v2.32\pic\sources\c99\common\sprcdiv.c
		___fldiv       		CODE           	11B22	0000	922

C:\Program Files\Microchip\xc8\v2.32\pic\sources\c99\common\sprcdiv.c estimated size: 922

C:\Program Files\Microchip\xc8\v2.32\pic\sources\c99\common\fltol.c
		___fltol       		CODE           	12F0E	0000	262

C:\Program Files\Microchip\xc8\v2.32\pic\sources\c99\common\fltol.c estimated size: 262

C:\Program Files\Microchip\xc8\v2.32\pic\sources\c99\common\xxtofl.c
		___xxtofl      		CODE           	12576	0000	436

C:\Program Files\Microchip\xc8\v2.32\pic\sources\c99\common\xxtofl.c estimated size: 436

mcc_generated_files/adcc.c
		_ADCC_GetSingleConversion		CODE           	13D44	0000	46
		_ADCC_Initialize		CODE           	139EC	0000	80

mcc_generated_files/adcc.c estimated size: 126

C:\Program Files\Microchip\xc8\v2.32\pic\sources\c99\common\printf.c
		_printf        		CODE           	13D9C	0000	38

C:\Program Files\Microchip\xc8\v2.32\pic\sources\c99\common\printf.c estimated size: 38

C:\Program Files\Microchip\xc8\v2.32\pic\sources\c99\common\nf_fputc.c
		_fputc         		CODE           	1369E	0000	150

C:\Program Files\Microchip\xc8\v2.32\pic\sources\c99\common\nf_fputc.c estimated size: 150

C:\Program Files\Microchip\xc8\v2.32\pic\sources\c99\common\aodiv.c
		___aodiv       		CODE           	12C22	0000	392

C:\Program Files\Microchip\xc8\v2.32\pic\sources\c99\common\aodiv.c estimated size: 392

main.c
		_main          		CODE           	13810	0000	102
		_getADCValue   		CODE           	137A2	0000	110

main.c estimated size: 212

C:\Program Files\Microchip\xc8\v2.32\pic\sources\c99\common\strlen.c
		_strlen        		CODE           	13CD8	0000	54

C:\Program Files\Microchip\xc8\v2.32\pic\sources\c99\common\strlen.c estimated size: 54

C:\Program Files\Microchip\xc8\v2.32\pic\sources\c99\common\flge.c
		___flge        		CODE           	13014	0000	260

C:\Program Files\Microchip\xc8\v2.32\pic\sources\c99\common\flge.c estimated size: 260

C:\Program Files\Microchip\xc8\v2.32\pic\sources\c99\common\floorf.c
		_floorf        		CODE           	121A0	0000	530

C:\Program Files\Microchip\xc8\v2.32\pic\sources\c99\common\floorf.c estimated size: 530

C:\Program Files\Microchip\xc8\v2.32\pic\sources\c99\common\strcpy.c
		_strcpy        		CODE           	1393C	0000	94

C:\Program Files\Microchip\xc8\v2.32\pic\sources\c99\common\strcpy.c estimated size: 94

