Microchip MPLAB XC8 Compiler V2.32

Linker command line:

-W-3 --edf=C:\Program Files\Microchip\xc8\v2.32\pic\dat\en_msgs.txt -cn \
  -h+dist/default/production\Morphycore.production.sym \
  --cmf=dist/default/production\Morphycore.production.cmf -z -Q18LF67K40 \
  -oC:\Users\Terry\AppData\Local\Temp\xcAsi1c.4 --defsym=__MPLAB_BUILD=1 \
  -Mdist/default/production/Morphycore.production.map -E1 -ver=XC8 Compiler \
  --acfsm=1493 -ASTACK=0185h-0DE9h -pstack=STACK -ACODE=00h-01FFFFh \
  -ACONST=00h-01FFFFh -ASMALLCONST=0E00h-0EFFhx498 \
  -AMEDIUMCONST=0E00h-0FFFFh,010E00h-01FFFFh -ACOMRAM=01h-05Fh \
  -AABS1=00h-0DE9h -ABIGRAM=01h-0DE9h \
  -ARAM=060h-0FFh,0100h-01FFhx12,0D00h-0DE9h -ABANK0=060h-0FFh \
  -ABANK1=0100h-01FFh -ABANK2=0200h-02FFh -ABANK3=0300h-03FFh \
  -ABANK4=0400h-04FFh -ABANK5=0500h-05FFh -ABANK6=0600h-06FFh \
  -ABANK7=0700h-07FFh -ABANK8=0800h-08FFh -ABANK9=0900h-09FFh \
  -ABANK10=0A00h-0AFFh -ABANK11=0B00h-0BFFh -ABANK12=0C00h-0CFFh \
  -ABANK13=0D00h-0DE9h \
  -ASFR=0DEFh-0DFFh,0E00h-0EFFh,0F00h-0F5Fh,0F60h-0FFFh \
  -ACONFIG=0300000h-030000Bh -AIDLOC=0200000h-020000Fh \
  -AEEDATA=0310000h-03103FFh -peeprom_data=EEDATA \
  -preset_vec=00h,intcode=08h,intcodelo,powerup,init -pramtop=0E00h \
  -psmallconst=SMALLCONST -pmediumconst=MEDIUMCONST -pconst=CONST \
  -AFARRAM=00h-00h \
  -prdata=COMRAM,nvrram=COMRAM,nvbit=COMRAM,rbss=COMRAM,rbit=COMRAM \
  -pfarbss=FARRAM,fardata=FARRAM,nvFARRAM=FARRAM \
  -pintsave_regs=BIGRAM,bigbss=BIGRAM,bigdata=BIGRAM -pbss=RAM \
  -pidata=CODE,irdata=CODE,ibigdata=CODE,ifardata=CODE -prparam=COMRAM \
  C:\Users\Terry\AppData\Local\Temp\xcAsi1c.o \
  dist/default/production\Morphycore.production.o 

Object code version is 3.11

Machine type is 18LF67K40



                Name                               Link     Load   Length Selector   Space Scale
C:\Users\Terry\AppData\Local\Temp\xcAsi1c.o
                idloc                            200000   200000       10        0       5
                config                           300000   300000        C        0       4
                init                                 3E       3E        4        4       0
                reset_vec                             0        0        4        0       0
dist/default/production\Morphycore.production.o
                intcode                               8        8       36        4       0
                idloc                            200000   200000       10        0       5
                config                           300000   300000        C        0       4
                temp                                 5F       5F        1        1       1
                smallconst                          E00      E00       1A      700       0
                text63                             4AB4     4AB4        C     24E1       0
                text61                             497E     497E       22      70D       0
                text60                             486C     486C       34      70D       0
                text59                             4AA6     4AA6        E     24E1       0
                text58                             4900     4900       2E      70D       0
                text57                             45CE     45CE       50      70D       0
                text56                             4A98     4A98        E     24E1       0
                text55                             4A8A     4A8A        E     24E1       0
                text54                             4A7C     4A7C        E     24E1       0
                text53                             461E     461E       4E      70D       0
                text52                             4ACA     4ACA        4     24E1       0
                text51                             4A52     4A52       18     24E1       0
                text50                             3F7A     3F7A       C2      70D       0
                text49                             4A1E     4A1E       1C     24E1       0
                text48                             49C2     49C2       20     24E1       0
                text47                             4A00     4A00       1E     24E1       0
                text46                             3A42     3A42      104      70D       0
                text45                             3472     3472      13E      70D       0
                text44                             48D2     48D2       2E      70D       0
                text43                             23C2     23C2      42A      70D       0
                text42                             311A     311A      1B4      70D       0
                text41                             42CA     42CA       6E      70D       0
                text40                             492E     492E       2A      70D       0
                text39                             4230     4230       9A      70D       0
                text38                             4958     4958       26      70D       0
                text37                             47FE     47FE       38      70D       0
                text36                             457C     457C       52      70D       0
                text35                             32CE     32CE      1A4      70D       0
                text34                             3EB6     3EB6       C4      70D       0
                text33                             403C     403C       B0      70D       0
                text32                             27EC     27EC      39A      70D       0
                text31                             40EC     40EC       AA      70D       0
                text30                             47C6     47C6       38      70D       0
                text29                             1A72     1A72      4C0      70D       0
                text28                             4704     4704       46      70D       0
                text27                             393C     393C      106      70D       0
                text26                             3B46     3B46       FE      70D       0
                text25                             2F08     2F08      212      70D       0
                text24                             4A3A     4A3A       18     24E1       0
                text23                             4AC0     4AC0        A     24E1       0
                text22                             3D26     3D26       CA      70D       0
                text21                             474A     474A       44      70D       0
                text20                             4836     4836       36      70D       0
                text19                             3DF0     3DF0       C6      70D       0
                text18                             44CC     44CC       5E      70D       0
                text17                             478E     478E       38      70D       0
                text16                             446C     446C       60      70D       0
                text15                              E1A      E1A      C58      70D       0
                text14                             3C44     3C44       E2      70D       0
                text13                             1F32     1F32      490      70D       0
                text12                             43A4     43A4       66      70D       0
                text11                             452A     452A       52      70D       0
                text10                             48A0     48A0       32      70D       0
                text9                              4196     4196       9A      70D       0
                text8                              4338     4338       6C      70D       0
                text7                              2B86     2B86      382      70D       0
                text6                              36E6     36E6      12C      70D       0
                text5                              49E2     49E2       1E     24E1       0
                text4                              46B8     46B8       4C      70D       0
                text3                              466C     466C       4C      70D       0
                text2                              35B0     35B0      136      70D       0
                text1                              4A6A     4A6A       12     24E1       0
                text0                              3812     3812      12A      70D       0
                cstackCOMRAM                          1        1       5D        1       1
                cstackBANK0                          60       60       7D       60       1
                dataBANK1                           15B      15B       21      100       1
                bssBANK1                            100      100       5B      100       1
                dataBANK0                            FB       FB        3       60       1
                bssBANK0                             DD       DD       1E       60       1
                bssCOMRAM                            5E       5E        1        1       1
                cinit                              440A     440A       62      70D       0
                nvBANK1                             17C      17C        9      100       1
                nvBANK0                              FE       FE        2       60       1
                idataBANK1                         49A0     49A0       21      70D       0
                idataBANK0                         4ACE     4ACE        3     24E1       0

TOTAL           Name                               Link     Load   Length     Space
        CLASS   STACK          

        CLASS   CODE           
                intcode                               8        8       36         0
                init                                 3E       3E        4         0
                reset_vec                             0        0        4         0
                text63                             4AB4     4AB4        C         0
                text61                             497E     497E       22         0
                text60                             486C     486C       34         0
                text59                             4AA6     4AA6        E         0
                text58                             4900     4900       2E         0
                text57                             45CE     45CE       50         0
                text56                             4A98     4A98        E         0
                text55                             4A8A     4A8A        E         0
                text54                             4A7C     4A7C        E         0
                text53                             461E     461E       4E         0
                text52                             4ACA     4ACA        4         0
                text51                             4A52     4A52       18         0
                text50                             3F7A     3F7A       C2         0
                text49                             4A1E     4A1E       1C         0
                text48                             49C2     49C2       20         0
                text47                             4A00     4A00       1E         0
                text46                             3A42     3A42      104         0
                text45                             3472     3472      13E         0
                text44                             48D2     48D2       2E         0
                text43                             23C2     23C2      42A         0
                text42                             311A     311A      1B4         0
                text41                             42CA     42CA       6E         0
                text40                             492E     492E       2A         0
                text39                             4230     4230       9A         0
                text38                             4958     4958       26         0
                text37                             47FE     47FE       38         0
                text36                             457C     457C       52         0
                text35                             32CE     32CE      1A4         0
                text34                             3EB6     3EB6       C4         0
                text33                             403C     403C       B0         0
                text32                             27EC     27EC      39A         0
                text31                             40EC     40EC       AA         0
                text30                             47C6     47C6       38         0
                text29                             1A72     1A72      4C0         0
                text28                             4704     4704       46         0
                text27                             393C     393C      106         0
                text26                             3B46     3B46       FE         0
                text25                             2F08     2F08      212         0
                text24                             4A3A     4A3A       18         0
                text23                             4AC0     4AC0        A         0
                text22                             3D26     3D26       CA         0
                text21                             474A     474A       44         0
                text20                             4836     4836       36         0
                text19                             3DF0     3DF0       C6         0
                text18                             44CC     44CC       5E         0
                text17                             478E     478E       38         0
                text16                             446C     446C       60         0
                text15                              E1A      E1A      C58         0
                text14                             3C44     3C44       E2         0
                text13                             1F32     1F32      490         0
                text12                             43A4     43A4       66         0
                text11                             452A     452A       52         0
                text10                             48A0     48A0       32         0
                text9                              4196     4196       9A         0
                text8                              4338     4338       6C         0
                text7                              2B86     2B86      382         0
                text6                              36E6     36E6      12C         0
                text5                              49E2     49E2       1E         0
                text4                              46B8     46B8       4C         0
                text3                              466C     466C       4C         0
                text2                              35B0     35B0      136         0
                text1                              4A6A     4A6A       12         0
                text0                              3812     3812      12A         0
                cinit                              440A     440A       62         0
                idataBANK1                         49A0     49A0       21         0
                idataBANK0                         4ACE     4ACE        3         0

        CLASS   CONST          

        CLASS   SMALLCONST     
                smallconst                          E00      E00       1A         0

        CLASS   MEDIUMCONST    

        CLASS   COMRAM         
                temp                                 5F       5F        1         1
                cstackCOMRAM                          1        1       5D         1
                bssCOMRAM                            5E       5E        1         1

        CLASS   ABS1           

        CLASS   BIGRAM         

        CLASS   RAM            

        CLASS   BANK0          
                cstackBANK0                          60       60       7D         1
                dataBANK0                            FB       FB        3         1
                bssBANK0                             DD       DD       1E         1
                nvBANK0                              FE       FE        2         1

        CLASS   BANK1          
                dataBANK1                           15B      15B       21         1
                bssBANK1                            100      100       5B         1
                nvBANK1                             17C      17C        9         1

        CLASS   BANK2          

        CLASS   BANK3          

        CLASS   BANK4          

        CLASS   BANK5          

        CLASS   BANK6          

        CLASS   BANK7          

        CLASS   BANK8          

        CLASS   BANK9          

        CLASS   BANK10         

        CLASS   BANK11         

        CLASS   BANK12         

        CLASS   BANK13         

        CLASS   SFR            

        CLASS   CONFIG         
                config                           300000   300000        C         4

        CLASS   IDLOC          
                idloc                            200000   200000       10         5

        CLASS   EEDATA         

        CLASS   FARRAM         



SEGMENTS        Name                           Load    Length   Top    Selector   Space  Class

                reset_vec                      000000  000004  000004         0       0  CODE    
                cstackCOMRAM                   000001  00005F  000060         1       1  COMRAM  
                intcode                        000008  00003A  000042         4       0  CODE    
                cstackBANK0                    000060  0000A0  000100        60       1  BANK0   
                bssBANK1                       000100  000085  000185       100       1  BANK1   
                smallconst                     000E00  00001A  000E1A       700       0  SMALLCON
                text15                         000E1A  003BA7  0049C1       70D       0  CODE    
                text48                         0049C2  00010F  004AD1      24E1       0  CODE    


UNUSED ADDRESS RANGES

        Name                Unused          Largest block    Delta
        BANK1            000185-0001FF               7B
        BANK10           000A00-000AFF              100
        BANK11           000B00-000BFF              100
        BANK12           000C00-000CFF              100
        BANK13           000D00-000DE9               EA
        BANK2            000200-0002FF              100
        BANK3            000300-0003FF              100
        BANK4            000400-0004FF              100
        BANK5            000500-0005FF              100
        BANK6            000600-0006FF              100
        BANK7            000700-0007FF              100
        BANK8            000800-0008FF              100
        BANK9            000900-0009FF              100
        BIGRAM           000185-000DE9              C65
        CODE             000004-000007                4
                         000042-000DFF              DBE
                         0049C1-0049C1                1
                         004AD1-01FFFF            1B52F
        CONST            000004-000007                4
                         000042-000DFF              DBE
                         0049C1-0049C1                1
                         004AD1-01FFFF            1B52F
        EEDATA           310000-3103FF              400
        MEDIUMCONST      0049C1-0049C1                1
                         004AD1-00FFFF             B52F
                         010E00-01FFFF             F200
        RAM              000185-000DE9              100
        SFR              000DEF-000FFF              100
        SMALLCONST       0049C1-0049C1                1
                         004AD1-01FFFF              100
        STACK            000185-000DE9              C65

                                  Symbol Table

?_ADCC_GetSingleConversion                      cstackCOMRAM 000001
?_ConvertADCtoSend                              cstackBANK0  0000A8
?___awdiv                                       cstackCOMRAM 000001
?___awmod                                       cstackCOMRAM 000001
?___fladd                                       cstackCOMRAM 000001
?___fldiv                                       cstackCOMRAM 000001
?___flmul                                       cstackCOMRAM 00000F
?___flneg                                       cstackCOMRAM 000001
?___flsub                                       cstackCOMRAM 000028
?___fltol                                       cstackCOMRAM 000001
?___fpclassifyf                                 cstackCOMRAM 000001
?___wmul                                        cstackCOMRAM 000001
?___xxtofl                                      cstackCOMRAM 000001
?_atoi                                          cstackCOMRAM 000008
?_efgtoa                                        cstackCOMRAM 000034
?_floorf                                        cstackCOMRAM 00001A
?_getADCValue                                   cstackCOMRAM 000028
?_isdigit                                       cstackCOMRAM 000001
?_isspace                                       cstackCOMRAM 000001
?_isupper                                       cstackCOMRAM 000001
?_memcmp                                        cstackCOMRAM 000001
?_pad                                           cstackCOMRAM 000013
?_sampleChargingCapArray                        cstackCOMRAM 000032
?_sampleEHvoc                                   cstackCOMRAM 000032
?_sampleTaskCapArray                            cstackCOMRAM 000032
?_sprintf                                       cstackBANK0  000098
?_strcmp                                        cstackCOMRAM 000001
?_strlen                                        cstackCOMRAM 000001
?_strncmp                                       cstackCOMRAM 000001
?_tolower                                       cstackCOMRAM 000007
?_vfpfcnvrt                                     cstackCOMRAM 000040
?_vfprintf                                      cstackCOMRAM 000056
ADCC_GetSingleConversion@channel                cstackCOMRAM 000005
ConvertADCtoSend@convertedValue01               cstackBANK0  0000A8
ConvertADCtoSend@msgValue                       cstackBANK0  0000AC
EUSART5_SetErrorHandler@interruptHandler        cstackCOMRAM 000001
EUSART5_SetFramingErrorHandler@interruptHandler cstackCOMRAM 000001
EUSART5_SetOverrunErrorHandler@interruptHandler cstackCOMRAM 000001
EUSART5_Write@txData                            cstackCOMRAM 000001
_ADACCH                                         (abs)        000F71
_ADACCL                                         (abs)        000F70
_ADACQ                                          (abs)        000F5C
_ADACT                                          (abs)        000F56
_ADCAP                                          (abs)        000F5D
_ADCC_GetSingleConversion                       text44       0048D2
_ADCC_Initialize                                text57       0045CE
_ADCLK                                          (abs)        000F57
_ADCNT                                          (abs)        000F67
_ADCON0                                         (abs)        000F60
_ADCON0bits                                     (abs)        000F60
_ADCON1                                         (abs)        000F59
_ADCON1bits                                     (abs)        000F59
_ADCON2                                         (abs)        000F5A
_ADCON2bits                                     (abs)        000F5A
_ADCON3                                         (abs)        000F5B
_ADCON3bits                                     (abs)        000F5B
_ADERRH                                         (abs)        000F6F
_ADERRL                                         (abs)        000F6E
_ADFLTRH                                        (abs)        000F73
_ADFLTRL                                        (abs)        000F72
_ADLTHH                                         (abs)        000F6B
_ADLTHL                                         (abs)        000F6A
_ADPCH                                          (abs)        000F5F
_ADPRE                                          (abs)        000F5E
_ADPREVH                                        (abs)        000F62
_ADPREVL                                        (abs)        000F61
_ADREF                                          (abs)        000F58
_ADRESH                                         (abs)        000F64
_ADRESL                                         (abs)        000F63
_ADRPT                                          (abs)        000F66
_ADSTAT                                         (abs)        000F65
_ADSTATbits                                     (abs)        000F65
_ADSTPTH                                        (abs)        000F69
_ADSTPTL                                        (abs)        000F68
_ADUTHH                                         (abs)        000F6D
_ADUTHL                                         (abs)        000F6C
_ANSELA                                         (abs)        000E92
_ANSELB                                         (abs)        000E9A
_ANSELD                                         (abs)        000EA7
_ANSELE                                         (abs)        000EAF
_ANSELF                                         (abs)        000EB4
_ANSELG                                         (abs)        000EBC
_BAUD5CON                                       (abs)        000EE2
_C_N_SWALLconnectGND                            text61       00497E
_Caps8seriesConnection                          text60       00486C
_ConvertADCtoSend                               text10       0048A0
_DectecLowVFlag                                 bssBANK0     0000F7
_DectecLowVolatge                               text59       004AA6
_EUSART5_DefaultErrorHandler                    (abs)        000000
_EUSART5_DefaultFramingErrorHandler             (abs)        000000
_EUSART5_DefaultOverrunErrorHandler             (abs)        000000
_EUSART5_ErrorHandler                           nvBANK1      00017C
_EUSART5_FramingErrorHandler                    nvBANK1      000182
_EUSART5_Initialize                             text53       00461E
_EUSART5_OverrunErrorHandler                    nvBANK1      00017F
_EUSART5_Read                                   text58       004900
_EUSART5_SetErrorHandler                        text56       004A98
_EUSART5_SetFramingErrorHandler                 text55       004A8A
_EUSART5_SetOverrunErrorHandler                 text54       004A7C
_EUSART5_Write                                  text24       004A3A
_Flag5sfastcharing                              bssBANK0     0000FA
_INLVLA                                         (abs)        000E8E
_INLVLB                                         (abs)        000E96
_INLVLC                                         (abs)        000E9E
_INLVLD                                         (abs)        000EA3
_INLVLE                                         (abs)        000EAB
_INLVLF                                         (abs)        000EB0
_INLVLG                                         (abs)        000EB8
_INLVLH                                         (abs)        000EBD
_INTCONbits                                     (abs)        000FF2
_INTERRUPT_Initialize                           text52       004ACA
_INTERRUPT_InterruptManager                     intcode      000008
_LATA                                           (abs)        000F79
_LATAbits                                       (abs)        000F79
_LATB                                           (abs)        000F7A
_LATBbits                                       (abs)        000F7A
_LATC                                           (abs)        000F7B
_LATD                                           (abs)        000F7C
_LATDbits                                       (abs)        000F7C
_LATE                                           (abs)        000F7D
_LATEbits                                       (abs)        000F7D
_LATF                                           (abs)        000F7E
_LATFbits                                       (abs)        000F7E
_LATG                                           (abs)        000F7F
_LATGbits                                       (abs)        000F7F
_LATH                                           (abs)        000F80
_LATHbits                                       (abs)        000F80
_ODCONA                                         (abs)        000E90
_ODCONB                                         (abs)        000E98
_ODCONC                                         (abs)        000EA0
_ODCOND                                         (abs)        000EA5
_ODCONE                                         (abs)        000EAD
_ODCONF                                         (abs)        000EB2
_ODCONG                                         (abs)        000EBA
_ODCONH                                         (abs)        000EBF
_OSCCON1                                        (abs)        000E43
_OSCCON3                                        (abs)        000E45
_OSCEN                                          (abs)        000E47
_OSCFRQ                                         (abs)        000E49
_OSCILLATOR_Initialize                          text51       004A52
_OSCTUNE                                        (abs)        000E48
_PIE5bits                                       (abs)        000E2E
_PIN_MANAGER_Initialize                         text50       003F7A
_PIR4bits                                       (abs)        000E37
_PIR5bits                                       (abs)        000E38
_PMD0                                           (abs)        000E4C
_PMD1                                           (abs)        000E4D
_PMD2                                           (abs)        000E4E
_PMD3                                           (abs)        000E4F
_PMD4                                           (abs)        000E50
_PMD5                                           (abs)        000E51
_PMD_Initialize                                 text49       004A1E
_PR6                                            (abs)        000FB0
_RC5REG                                         (abs)        000EDC
_RC5STA                                         (abs)        000EE0
_RC5STAbits                                     (abs)        000EE0
_RE2PPS                                         (abs)        000E74
_RX5PPS                                         (abs)        000E17
_SLRCONA                                        (abs)        000E8F
_SLRCONB                                        (abs)        000E97
_SLRCONC                                        (abs)        000E9F
_SLRCOND                                        (abs)        000EA4
_SLRCONE                                        (abs)        000EAC
_SLRCONF                                        (abs)        000EB1
_SLRCONG                                        (abs)        000EB9
_SLRCONH                                        (abs)        000EBE
_SP5BRGH                                        (abs)        000EDF
_SP5BRGL                                        (abs)        000EDE
_SYSTEM_Initialize                              text47       004A00
_T6CLKCON                                       (abs)        000FB3
_T6CON                                          (abs)        000FB1
_T6CONbits                                      (abs)        000FB1
_T6HLT                                          (abs)        000FB2
_T6HLTbits                                      (abs)        000FB2
_T6PR                                           (abs)        000FB0
_T6RST                                          (abs)        000FB4
_T6RSTbits                                      (abs)        000FB4
_T6TMR                                          (abs)        000FAF
_TMR6                                           (abs)        000FAF
_TMR6_ISR                                       text63       004AB4
_TMR6_Initialize                                text48       0049C2
_TMR6_InterruptHandler                          bssBANK1     000108
_TRISA                                          (abs)        000F81
_TRISB                                          (abs)        000F82
_TRISC                                          (abs)        000F83
_TRISD                                          (abs)        000F84
_TRISE                                          (abs)        000F85
_TRISF                                          (abs)        000F86
_TRISG                                          (abs)        000F87
_TRISH                                          (abs)        000F88
_TX5REG                                         (abs)        000EDD
_TX5STA                                         (abs)        000EE1
_TX5STAbits                                     (abs)        000EE1
_WPUA                                           (abs)        000E91
_WPUB                                           (abs)        000E99
_WPUC                                           (abs)        000EA1
_WPUD                                           (abs)        000EA6
_WPUE                                           (abs)        000EAE
_WPUF                                           (abs)        000EB3
_WPUG                                           (abs)        000EBB
_WPUH                                           (abs)        000EC0
__HRAM                                          (abs)        000000
__Habs1                                         abs1         000000
__Hbank0                                        bank0        000000
__Hbank1                                        bank1        000000
__Hbank10                                       bank10       000000
__Hbank11                                       bank11       000000
__Hbank12                                       bank12       000000
__Hbank13                                       bank13       000000
__Hbank2                                        bank2        000000
__Hbank3                                        bank3        000000
__Hbank4                                        bank4        000000
__Hbank5                                        bank5        000000
__Hbank6                                        bank6        000000
__Hbank7                                        bank7        000000
__Hbank8                                        bank8        000000
__Hbank9                                        bank9        000000
__Hbigbss                                       bigbss       000000
__Hbigdata                                      bigdata      000000
__Hbigram                                       bigram       000000
__Hbss                                          bss          000000
__HbssBANK0                                     bssBANK0     000000
__HbssBANK1                                     bssBANK1     000000
__HbssCOMRAM                                    bssCOMRAM    000000
__Hcinit                                        cinit        000000
__Hclrtext                                      clrtext      000000
__Hcomram                                       comram       000000
__Hconfig                                       config       30000C
__Hconst                                        const        000000
__HcstackBANK0                                  cstackBANK0  000000
__HcstackCOMRAM                                 cstackCOMRAM 000000
__Hdata                                         data         000000
__HdataBANK0                                    dataBANK0    000000
__HdataBANK1                                    dataBANK1    000000
__Heeprom_data                                  eeprom_data  000000
__Hfarbss                                       farbss       000000
__Hfardata                                      fardata      000000
__Hibigdata                                     ibigdata     000000
__Hidata                                        idata        000000
__HidataBANK0                                   idataBANK0   000000
__HidataBANK1                                   idataBANK1   000000
__Hidloc                                        idloc        200010
__Hifardata                                     ifardata     000000
__Hinit                                         init         000042
__Hintcode                                      intcode      00003E
__Hintcode_body                                 intcode_body 000000
__Hintcodelo                                    intcodelo    00003E
__Hintentry                                     intentry     000000
__Hintret                                       intret       000000
__Hintsave_regs                                 intsave_regs 000000
__Hirdata                                       irdata       000000
__Hmediumconst                                  mediumconst  000000
__HnvBANK0                                      nvBANK0      000000
__HnvBANK1                                      nvBANK1      000000
__HnvFARRAM                                     nvFARRAM     000000
__Hnvbit                                        nvbit        000000
__Hnvrram                                       nvrram       000000
__Hparam                                        rparam       000000
__Hpowerup                                      powerup      00003E
__Hram                                          ram          000000
__Hramtop                                       ramtop       000E00
__Hrbit                                         rbit         000000
__Hrbss                                         rbss         000000
__Hrdata                                        rdata        000000
__Hreset_vec                                    reset_vec    000004
__Hrparam                                       rparam       000000
__Hsfr                                          sfr          000000
__Hsmallconst                                   smallconst   000E1A
__Hspace_0                                      (abs)        004AD1
__Hspace_1                                      (abs)        000185
__Hspace_2                                      (abs)        000000
__Hspace_4                                      (abs)        60000C
__Hstack                                        stack        000000
__Hstruct                                       struct       000000
__Htemp                                         temp         000060
__Htext                                         text         000000
__Htext0                                        text0        000000
__Htext1                                        text1        000000
__Htext10                                       text10       000000
__Htext11                                       text11       000000
__Htext12                                       text12       000000
__Htext13                                       text13       000000
__Htext14                                       text14       000000
__Htext15                                       text15       000000
__Htext16                                       text16       000000
__Htext17                                       text17       000000
__Htext18                                       text18       000000
__Htext19                                       text19       000000
__Htext2                                        text2        000000
__Htext20                                       text20       000000
__Htext21                                       text21       000000
__Htext22                                       text22       000000
__Htext23                                       text23       000000
__Htext24                                       text24       000000
__Htext25                                       text25       000000
__Htext26                                       text26       000000
__Htext27                                       text27       000000
__Htext28                                       text28       000000
__Htext29                                       text29       000000
__Htext3                                        text3        000000
__Htext30                                       text30       000000
__Htext31                                       text31       000000
__Htext32                                       text32       000000
__Htext33                                       text33       000000
__Htext34                                       text34       000000
__Htext35                                       text35       000000
__Htext36                                       text36       000000
__Htext37                                       text37       000000
__Htext38                                       text38       000000
__Htext39                                       text39       000000
__Htext4                                        text4        000000
__Htext40                                       text40       000000
__Htext41                                       text41       000000
__Htext42                                       text42       000000
__Htext43                                       text43       000000
__Htext44                                       text44       000000
__Htext45                                       text45       000000
__Htext46                                       text46       000000
__Htext47                                       text47       000000
__Htext48                                       text48       000000
__Htext49                                       text49       000000
__Htext5                                        text5        000000
__Htext50                                       text50       000000
__Htext51                                       text51       000000
__Htext52                                       text52       000000
__Htext53                                       text53       000000
__Htext54                                       text54       000000
__Htext55                                       text55       000000
__Htext56                                       text56       000000
__Htext57                                       text57       000000
__Htext58                                       text58       000000
__Htext59                                       text59       000000
__Htext6                                        text6        000000
__Htext60                                       text60       000000
__Htext61                                       text61       000000
__Htext63                                       text63       000000
__Htext7                                        text7        000000
__Htext8                                        text8        000000
__Htext9                                        text9        000000
__LRAM                                          (abs)        000001
__Labs1                                         abs1         000000
__Lbank0                                        bank0        000000
__Lbank1                                        bank1        000000
__Lbank10                                       bank10       000000
__Lbank11                                       bank11       000000
__Lbank12                                       bank12       000000
__Lbank13                                       bank13       000000
__Lbank2                                        bank2        000000
__Lbank3                                        bank3        000000
__Lbank4                                        bank4        000000
__Lbank5                                        bank5        000000
__Lbank6                                        bank6        000000
__Lbank7                                        bank7        000000
__Lbank8                                        bank8        000000
__Lbank9                                        bank9        000000
__Lbigbss                                       bigbss       000000
__Lbigdata                                      bigdata      000000
__Lbigram                                       bigram       000000
__Lbss                                          bss          000000
__LbssBANK0                                     bssBANK0     000000
__LbssBANK1                                     bssBANK1     000000
__LbssCOMRAM                                    bssCOMRAM    000000
__Lcinit                                        cinit        000000
__Lclrtext                                      clrtext      000000
__Lcomram                                       comram       000000
__Lconfig                                       config       000000
__Lconst                                        const        000000
__LcstackBANK0                                  cstackBANK0  000000
__LcstackCOMRAM                                 cstackCOMRAM 000000
__Ldata                                         data         000000
__LdataBANK0                                    dataBANK0    000000
__LdataBANK1                                    dataBANK1    000000
__Leeprom_data                                  eeprom_data  000000
__Lfarbss                                       farbss       000000
__Lfardata                                      fardata      000000
__Libigdata                                     ibigdata     000000
__Lidata                                        idata        000000
__LidataBANK0                                   idataBANK0   000000
__LidataBANK1                                   idataBANK1   000000
__Lidloc                                        idloc        000000
__Lifardata                                     ifardata     000000
__Linit                                         init         00003E
__Lintcode                                      intcode      000008
__Lintcode_body                                 intcode_body 000000
__Lintcodelo                                    intcodelo    00003E
__Lintentry                                     intentry     000000
__Lintret                                       intret       000000
__Lintsave_regs                                 intsave_regs 000000
__Lirdata                                       irdata       000000
__Lmediumconst                                  mediumconst  000000
__LnvBANK0                                      nvBANK0      000000
__LnvBANK1                                      nvBANK1      000000
__LnvFARRAM                                     nvFARRAM     000000
__Lnvbit                                        nvbit        000000
__Lnvrram                                       nvrram       000000
__Lparam                                        rparam       000000
__Lpowerup                                      powerup      00003E
__Lram                                          ram          000000
__Lramtop                                       ramtop       000E00
__Lrbit                                         rbit         000000
__Lrbss                                         rbss         000000
__Lrdata                                        rdata        000000
__Lreset_vec                                    reset_vec    000000
__Lrparam                                       rparam       000000
__Lsfr                                          sfr          000000
__Lsmallconst                                   smallconst   000E00
__Lspace_0                                      (abs)        000000
__Lspace_1                                      (abs)        000000
__Lspace_2                                      (abs)        000000
__Lspace_4                                      (abs)        000000
__Lstack                                        stack        000000
__Lstruct                                       struct       000000
__Ltemp                                         temp         00005F
__Ltext                                         text         000000
__Ltext0                                        text0        000000
__Ltext1                                        text1        000000
__Ltext10                                       text10       000000
__Ltext11                                       text11       000000
__Ltext12                                       text12       000000
__Ltext13                                       text13       000000
__Ltext14                                       text14       000000
__Ltext15                                       text15       000000
__Ltext16                                       text16       000000
__Ltext17                                       text17       000000
__Ltext18                                       text18       000000
__Ltext19                                       text19       000000
__Ltext2                                        text2        000000
__Ltext20                                       text20       000000
__Ltext21                                       text21       000000
__Ltext22                                       text22       000000
__Ltext23                                       text23       000000
__Ltext24                                       text24       000000
__Ltext25                                       text25       000000
__Ltext26                                       text26       000000
__Ltext27                                       text27       000000
__Ltext28                                       text28       000000
__Ltext29                                       text29       000000
__Ltext3                                        text3        000000
__Ltext30                                       text30       000000
__Ltext31                                       text31       000000
__Ltext32                                       text32       000000
__Ltext33                                       text33       000000
__Ltext34                                       text34       000000
__Ltext35                                       text35       000000
__Ltext36                                       text36       000000
__Ltext37                                       text37       000000
__Ltext38                                       text38       000000
__Ltext39                                       text39       000000
__Ltext4                                        text4        000000
__Ltext40                                       text40       000000
__Ltext41                                       text41       000000
__Ltext42                                       text42       000000
__Ltext43                                       text43       000000
__Ltext44                                       text44       000000
__Ltext45                                       text45       000000
__Ltext46                                       text46       000000
__Ltext47                                       text47       000000
__Ltext48                                       text48       000000
__Ltext49                                       text49       000000
__Ltext5                                        text5        000000
__Ltext50                                       text50       000000
__Ltext51                                       text51       000000
__Ltext52                                       text52       000000
__Ltext53                                       text53       000000
__Ltext54                                       text54       000000
__Ltext55                                       text55       000000
__Ltext56                                       text56       000000
__Ltext57                                       text57       000000
__Ltext58                                       text58       000000
__Ltext59                                       text59       000000
__Ltext6                                        text6        000000
__Ltext60                                       text60       000000
__Ltext61                                       text61       000000
__Ltext63                                       text63       000000
__Ltext7                                        text7        000000
__Ltext8                                        text8        000000
__Ltext9                                        text9        000000
__S0                                            (abs)        004AD1
__S1                                            (abs)        000185
__S2                                            (abs)        000000
__S4                                            (abs)        000000
__S5                                            (abs)        000000
___awdiv                                        text34       003EB6
___awdiv@counter                                cstackCOMRAM 000005
___awdiv@dividend                               cstackCOMRAM 000001
___awdiv@divisor                                cstackCOMRAM 000003
___awdiv@quotient                               cstackCOMRAM 000007
___awdiv@sign                                   cstackCOMRAM 000006
___awmod                                        text33       00403C
___awmod@counter                                cstackCOMRAM 000005
___awmod@dividend                               cstackCOMRAM 000001
___awmod@divisor                                cstackCOMRAM 000003
___awmod@sign                                   cstackCOMRAM 000006
___fladd                                        text29       001A72
___fladd@a                                      cstackCOMRAM 000005
___fladd@aexp                                   cstackCOMRAM 00000E
___fladd@b                                      cstackCOMRAM 000001
___fladd@bexp                                   cstackCOMRAM 00000F
___fladd@grs                                    cstackCOMRAM 000010
___fladd@signs                                  cstackCOMRAM 00000D
___fldiv                                        text32       0027EC
___fldiv@a                                      cstackCOMRAM 000005
___fldiv@aexp                                   cstackCOMRAM 000019
___fldiv@b                                      cstackCOMRAM 000001
___fldiv@bexp                                   cstackCOMRAM 000018
___fldiv@grs                                    cstackCOMRAM 000014
___fldiv@new_exp                                cstackCOMRAM 000012
___fldiv@rem                                    cstackCOMRAM 00000D
___fldiv@sign                                   cstackCOMRAM 000011
___fleq                                         text31       0040EC
___fleq@ff1                                     cstackCOMRAM 000001
___fleq@ff2                                     cstackCOMRAM 000005
___flge                                         text46       003A42
___flge@ff1                                     cstackCOMRAM 000028
___flge@ff2                                     cstackCOMRAM 00002C
___flmul                                        text43       0023C2
___flmul@a                                      cstackCOMRAM 000013
___flmul@aexp                                   cstackCOMRAM 000020
___flmul@b                                      cstackCOMRAM 00000F
___flmul@bexp                                   cstackCOMRAM 000021
___flmul@grs                                    cstackCOMRAM 00001C
___flmul@prod                                   cstackCOMRAM 000022
___flmul@sign                                   cstackCOMRAM 00001B
___flmul@temp                                   cstackCOMRAM 000026
___flneg                                        text30       0047C6
___flneg@f1                                     cstackCOMRAM 000001
___flsub                                        text28       004704
___flsub@a                                      cstackCOMRAM 00002C
___flsub@b                                      cstackCOMRAM 000028
___fltol                                        text27       00393C
___fltol@exp1                                   cstackCOMRAM 00000A
___fltol@f1                                     cstackCOMRAM 000001
___fltol@sign1                                  cstackCOMRAM 000009
___fpclassifyf                                  text26       003B46
___fpclassifyf@F465                             bssBANK1     000104
___fpclassifyf@e                                cstackCOMRAM 000009
___fpclassifyf@u                                cstackCOMRAM 00000B
___fpclassifyf@x                                cstackCOMRAM 000001
___inthi_sp                                     stack        000000
___intlo_sp                                     stack        000000
___param_bank                                   (abs)        000000
___rparam_used                                  (abs)        000001
___sp                                           stack        000000
___wmul                                         text38       004958
___wmul@multiplicand                            cstackCOMRAM 000003
___wmul@multiplier                              cstackCOMRAM 000001
___wmul@product                                 cstackCOMRAM 000005
___xxtofl                                       text42       00311A
___xxtofl@arg                                   cstackCOMRAM 00000B
___xxtofl@exp                                   cstackCOMRAM 00000A
___xxtofl@sign                                  cstackCOMRAM 000009
___xxtofl@val                                   cstackCOMRAM 000001
__accesstop                                     (abs)        000060
__activetblptr                                  (abs)        000003
__end_of_ADCC_GetSingleConversion               text44       004900
__end_of_ADCC_Initialize                        text57       00461E
__end_of_C_N_SWALLconnectGND                    text61       0049A0
__end_of_Caps8seriesConnection                  text60       0048A0
__end_of_ConvertADCtoSend                       text10       0048D2
__end_of_DectecLowVolatge                       text59       004AB4
__end_of_EUSART5_Initialize                     text53       00466C
__end_of_EUSART5_Read                           text58       00492E
__end_of_EUSART5_SetErrorHandler                text56       004AA6
__end_of_EUSART5_SetFramingErrorHandler         text55       004A98
__end_of_EUSART5_SetOverrunErrorHandler         text54       004A8A
__end_of_EUSART5_Write                          text24       004A52
__end_of_INTERRUPT_Initialize                   text52       004ACE
__end_of_INTERRUPT_InterruptManager             intcode      00003E
__end_of_OSCILLATOR_Initialize                  text51       004A6A
__end_of_PIN_MANAGER_Initialize                 text50       00403C
__end_of_PMD_Initialize                         text49       004A3A
__end_of_SYSTEM_Initialize                      text47       004A1E
__end_of_TMR6_ISR                               text63       004AC0
__end_of_TMR6_Initialize                        text48       0049E2
__end_of___awdiv                                text34       003F7A
__end_of___awmod                                text33       0040EC
__end_of___fladd                                text29       001F32
__end_of___fldiv                                text32       002B86
__end_of___fleq                                 text31       004196
__end_of___flge                                 text46       003B46
__end_of___flmul                                text43       0027EC
__end_of___flneg                                text30       0047FE
__end_of___flsub                                text28       00474A
__end_of___fltol                                text27       003A42
__end_of___fpclassifyf                          text26       003C44
__end_of___wmul                                 text38       00497E
__end_of___xxtofl                               text42       0032CE
__end_of__initialization                        cinit        004462
__end_of_addCapToParallel                       text6        003812
__end_of_atoi                                   text35       003472
__end_of_decoupleCapArray                       text5        004A00
__end_of_delayedBrownOut                        text39       0042CA
__end_of_efgtoa                                 text15       001A72
__end_of_executeCommand                         text7        002F08
__end_of_fastChargingcaps                       text2        0036E6
__end_of_floorf                                 text25       00311A
__end_of_fputc                                  text22       003DF0
__end_of_fputs                                  text21       00478E
__end_of_getADCValue                            text41       004338
__end_of_isdigit                                text37       004836
__end_of_isolateCapsToSeries                    text45       0035B0
__end_of_isolatedOneTaskCap                     text1        004A7C
__end_of_isspace                                text36       0045CE
__end_of_isupper                                text17       0047C6
__end_of_main                                   text0        00393C
__end_of_memcmp                                 text9        004230
__end_of_pad                                    text19       003EB6
__end_of_putch                                  text23       004ACA
__end_of_sampleChargingCapArray                 text4        004704
__end_of_sampleEHvoc                            text3        0046B8
__end_of_sampleTaskCapArray                     text40       004958
__end_of_sprintf                                text11       00457C
__end_of_strcmp                                 text8        0043A4
__end_of_strcpy                                 text18       00452A
__end_of_strlen                                 text20       00486C
__end_of_strncmp                                text14       003D26
__end_of_tolower                                text16       0044CC
__end_of_vfpfcnvrt                              text13       0023C2
__end_of_vfprintf                               text12       00440A
__initialization                                cinit        00440A
__mediumconst                                   mediumconst  000000
__pbssBANK0                                     bssBANK0     0000DD
__pbssBANK1                                     bssBANK1     000100
__pbssCOMRAM                                    bssCOMRAM    00005E
__pcinit                                        cinit        00440A
__pcstackBANK0                                  cstackBANK0  000060
__pcstackCOMRAM                                 cstackCOMRAM 000001
__pdataBANK0                                    dataBANK0    0000FB
__pdataBANK1                                    dataBANK1    00015B
__pidataBANK0                                   idataBANK0   004ACE
__pidataBANK1                                   idataBANK1   0049A0
__pintcode                                      intcode      000008
__pnvBANK0                                      nvBANK0      0000FE
__pnvBANK1                                      nvBANK1      00017C
__psmallconst                                   smallconst   000E00
__ptext0                                        text0        003812
__ptext1                                        text1        004A6A
__ptext10                                       text10       0048A0
__ptext11                                       text11       00452A
__ptext12                                       text12       0043A4
__ptext13                                       text13       001F32
__ptext14                                       text14       003C44
__ptext15                                       text15       000E1A
__ptext16                                       text16       00446C
__ptext17                                       text17       00478E
__ptext18                                       text18       0044CC
__ptext19                                       text19       003DF0
__ptext2                                        text2        0035B0
__ptext20                                       text20       004836
__ptext21                                       text21       00474A
__ptext22                                       text22       003D26
__ptext23                                       text23       004AC0
__ptext24                                       text24       004A3A
__ptext25                                       text25       002F08
__ptext26                                       text26       003B46
__ptext27                                       text27       00393C
__ptext28                                       text28       004704
__ptext29                                       text29       001A72
__ptext3                                        text3        00466C
__ptext30                                       text30       0047C6
__ptext31                                       text31       0040EC
__ptext32                                       text32       0027EC
__ptext33                                       text33       00403C
__ptext34                                       text34       003EB6
__ptext35                                       text35       0032CE
__ptext36                                       text36       00457C
__ptext37                                       text37       0047FE
__ptext38                                       text38       004958
__ptext39                                       text39       004230
__ptext4                                        text4        0046B8
__ptext40                                       text40       00492E
__ptext41                                       text41       0042CA
__ptext42                                       text42       00311A
__ptext43                                       text43       0023C2
__ptext44                                       text44       0048D2
__ptext45                                       text45       003472
__ptext46                                       text46       003A42
__ptext47                                       text47       004A00
__ptext48                                       text48       0049C2
__ptext49                                       text49       004A1E
__ptext5                                        text5        0049E2
__ptext50                                       text50       003F7A
__ptext51                                       text51       004A52
__ptext52                                       text52       004ACA
__ptext53                                       text53       00461E
__ptext54                                       text54       004A7C
__ptext55                                       text55       004A8A
__ptext56                                       text56       004A98
__ptext57                                       text57       0045CE
__ptext58                                       text58       004900
__ptext59                                       text59       004AA6
__ptext6                                        text6        0036E6
__ptext60                                       text60       00486C
__ptext61                                       text61       00497E
__ptext63                                       text63       004AB4
__ptext7                                        text7        002B86
__ptext8                                        text8        004338
__ptext9                                        text9        004196
__ramtop                                        ramtop       000E00
__size_of_ADCC_GetSingleConversion              (abs)        000000
__size_of_ADCC_Initialize                       (abs)        000000
__size_of_C_N_SWALLconnectGND                   (abs)        000000
__size_of_Caps8seriesConnection                 (abs)        000000
__size_of_ConvertADCtoSend                      (abs)        000000
__size_of_DectecLowVolatge                      (abs)        000000
__size_of_EUSART5_Initialize                    (abs)        000000
__size_of_EUSART5_Read                          (abs)        000000
__size_of_EUSART5_SetErrorHandler               (abs)        000000
__size_of_EUSART5_SetFramingErrorHandler        (abs)        000000
__size_of_EUSART5_SetOverrunErrorHandler        (abs)        000000
__size_of_EUSART5_Write                         (abs)        000000
__size_of_INTERRUPT_Initialize                  (abs)        000000
__size_of_INTERRUPT_InterruptManager            (abs)        000000
__size_of_OSCILLATOR_Initialize                 (abs)        000000
__size_of_PIN_MANAGER_Initialize                (abs)        000000
__size_of_PMD_Initialize                        (abs)        000000
__size_of_SYSTEM_Initialize                     (abs)        000000
__size_of_TMR6_ISR                              (abs)        000000
__size_of_TMR6_Initialize                       (abs)        000000
__size_of___awdiv                               (abs)        000000
__size_of___awmod                               (abs)        000000
__size_of___fladd                               (abs)        000000
__size_of___fldiv                               (abs)        000000
__size_of___fleq                                (abs)        000000
__size_of___flge                                (abs)        000000
__size_of___flmul                               (abs)        000000
__size_of___flneg                               (abs)        000000
__size_of___flsub                               (abs)        000000
__size_of___fltol                               (abs)        000000
__size_of___fpclassifyf                         (abs)        000000
__size_of___wmul                                (abs)        000000
__size_of___xxtofl                              (abs)        000000
__size_of_addCapToParallel                      (abs)        000000
__size_of_atoi                                  (abs)        000000
__size_of_decoupleCapArray                      (abs)        000000
__size_of_delayedBrownOut                       (abs)        000000
__size_of_efgtoa                                (abs)        000000
__size_of_executeCommand                        (abs)        000000
__size_of_fastChargingcaps                      (abs)        000000
__size_of_floorf                                (abs)        000000
__size_of_fputc                                 (abs)        000000
__size_of_fputs                                 (abs)        000000
__size_of_getADCValue                           (abs)        000000
__size_of_isdigit                               (abs)        000000
__size_of_isolateCapsToSeries                   (abs)        000000
__size_of_isolatedOneTaskCap                    (abs)        000000
__size_of_isspace                               (abs)        000000
__size_of_isupper                               (abs)        000000
__size_of_main                                  (abs)        000000
__size_of_memcmp                                (abs)        000000
__size_of_pad                                   (abs)        000000
__size_of_putch                                 (abs)        000000
__size_of_sampleChargingCapArray                (abs)        000000
__size_of_sampleEHvoc                           (abs)        000000
__size_of_sampleTaskCapArray                    (abs)        000000
__size_of_sprintf                               (abs)        000000
__size_of_strcmp                                (abs)        000000
__size_of_strcpy                                (abs)        000000
__size_of_strlen                                (abs)        000000
__size_of_strncmp                               (abs)        000000
__size_of_tolower                               (abs)        000000
__size_of_vfpfcnvrt                             (abs)        000000
__size_of_vfprintf                              (abs)        000000
__smallconst                                    smallconst   000E00
_addCapToParallel                               text6        0036E6
_atoi                                           text35       0032CE
_atoi$2093                                      cstackCOMRAM 000010
_atoi$2094                                      cstackCOMRAM 000014
_atoi$2095                                      cstackCOMRAM 000012
_capParalle_count                               nvBANK0      0000FF
_capSeries_count                                nvBANK0      0000FE
_capTaskParalle_count                           bssBANK0     0000F5
_capTaskSeries_count                            bssCOMRAM    00005E
_command11                                      dataBANK1    00016C
_command12                                      dataBANK1    000179
_command13                                      dataBANK1    000176
_command14                                      dataBANK1    000161
_command16                                      dataBANK1    000173
_command17                                      dataBANK1    000170
_command18                                      dataBANK1    00015E
_command19                                      dataBANK1    00015B
_command20                                      dataBANK1    000168
_dbuf                                           bssBANK1     00010B
_decoupleCapArray                               text5        0049E2
_delayedBrownOut                                text39       004230
_efgtoa                                         text15       000E1A
_efgtoa$2029                                    cstackBANK0  000060
_efgtoa$2030                                    cstackBANK0  000062
_efgtoa$2035                                    cstackBANK0  000064
_efgtoa$2039                                    cstackBANK0  000066
_efgtoa$2040                                    cstackBANK0  000068
_efgtoa$2041                                    cstackBANK0  00006A
_eusart5RxLastError                             bssBANK0     0000F9
_executeCommand                                 text7        002B86
_fastChargingcaps                               text2        0035B0
_flags                                          bssBANK0     0000F3
_floorf                                         text25       002F08
_fputc                                          text22       003D26
_fputs                                          text21       00474A
_getADCValue                                    text41       0042CA
_isdigit                                        text37       0047FE
_isolateCapsToSeries                            text45       003472
_isolatedOneTaskCap                             text1        004A6A
_isolatedflag                                   bssBANK0     0000F8
_isspace                                        text36       00457C
_isspace$2124                                   cstackCOMRAM 000007
_isupper                                        text17       00478E
_main                                           text0        003812
_memcmp                                         text9        004196
_msgOK                                          dataBANK0    0000FB
_nout                                           bssBANK0     0000ED
_pad                                            text19       003DF0
_prec                                           bssBANK0     0000F1
_putch                                          text23       004AC0
_sampleChargingCapArray                         text4        0046B8
_sampleEHvoc                                    text3        00466C
_sampleTaskCapArray                             text40       00492E
_sprintf                                        text11       00452A
_strcmp                                         text8        004338
_strcpy                                         text18       0044CC
_strlen                                         text20       004836
_strncmp                                        text14       003C44
_tolower                                        text16       00446C
_tolower$2186                                   cstackCOMRAM 00000D
_vcap_current                                   bssBANK0     0000DD
_vcap_prev                                      bssBANK0     0000E1
_vfpfcnvrt                                      text13       001F32
_vfpfcnvrt$2055                                 cstackCOMRAM 00004A
_vfpfcnvrt$2059                                 cstackCOMRAM 00004C
_vfprintf                                       text12       0043A4
_voc_current                                    bssBANK0     0000E5
_voc_prev                                       bssBANK0     0000E9
_width                                          bssBANK0     0000EF
atoi@n                                          cstackCOMRAM 000015
atoi@neg                                        cstackCOMRAM 00000E
atoi@s                                          cstackCOMRAM 000008
btemp                                           temp         00005F
decoupleCapArray@state                          cstackCOMRAM 000001
delayedBrownOut@vcap                            cstackCOMRAM 00003A
efgtoa@c                                        cstackCOMRAM 00003A
efgtoa@d                                        cstackBANK0  000078
efgtoa@e                                        cstackBANK0  000090
efgtoa@f                                        cstackCOMRAM 000036
efgtoa@fp                                       cstackCOMRAM 000034
efgtoa@g                                        cstackBANK0  00008C
efgtoa@h                                        cstackBANK0  000082
efgtoa@i                                        cstackBANK0  00008A
efgtoa@l                                        cstackBANK0  000086
efgtoa@m                                        cstackBANK0  000072
efgtoa@mode                                     cstackBANK0  000081
efgtoa@n                                        cstackBANK0  000092
efgtoa@ne                                       cstackBANK0  000070
efgtoa@nmode                                    cstackBANK0  000080
efgtoa@ou                                       cstackBANK0  000074
efgtoa@p                                        cstackBANK0  00007C
efgtoa@pp                                       cstackBANK0  00006E
efgtoa@sign                                     cstackBANK0  00007A
efgtoa@t                                        cstackBANK0  00006C
efgtoa@u                                        cstackBANK0  000094
efgtoa@w                                        cstackBANK0  00007E
end_of_initialization                           cinit        004462
executeCommand@ADCValue_float                   cstackBANK0  0000B8
executeCommand@command                          cstackBANK0  0000B4
executeCommand@i                                cstackBANK0  0000BC
executeCommand@i_1116                           cstackBANK0  0000BD
executeCommand@i_1118                           cstackBANK0  0000BE
executeCommand@i_1119                           cstackBANK0  0000BF
executeCommand@i_1120                           cstackBANK0  0000C0
executeCommand@i_1121                           cstackBANK0  0000C1
executeCommand@i_1122                           cstackBANK0  0000C2
executeCommand@msgValue                         cstackBANK0  0000C3
fastChargingcaps@vcap                           cstackCOMRAM 00003A
floorf@F527                                     bssBANK1     000100
floorf@e                                        cstackCOMRAM 000028
floorf@m                                        cstackCOMRAM 000024
floorf@u                                        cstackCOMRAM 00002A
floorf@x                                        cstackCOMRAM 00001A
fputc@c                                         cstackCOMRAM 000003
fputc@fp                                        cstackCOMRAM 000005
fputs@c                                         cstackCOMRAM 000010
fputs@fp                                        cstackCOMRAM 00000E
fputs@i                                         cstackCOMRAM 000011
fputs@s                                         cstackCOMRAM 00000C
getADCValue@ADC_float                           cstackCOMRAM 00002C
getADCValue@getADCValue                         cstackCOMRAM 000030
int$flags                                       temp         00005F
intlevel0                                       text         000000
intlevel1                                       text         000000
intlevel2                                       text         000000
intlevel3                                       text         000000
isa$std                                         (abs)        000001
isa$xinst                                       (abs)        000000
isdigit@c                                       cstackCOMRAM 000001
isspace@c                                       cstackCOMRAM 000001
isupper@c                                       cstackCOMRAM 000001
main@c                                          cstackBANK0  0000DC
main@command                                    cstackBANK0  0000C7
main@index                                      cstackBANK0  0000DB
memcmp@l                                        cstackCOMRAM 000009
memcmp@n                                        cstackCOMRAM 000005
memcmp@r                                        cstackCOMRAM 00000B
memcmp@vl                                       cstackCOMRAM 000001
memcmp@vr                                       cstackCOMRAM 000003
pad@buf                                         cstackCOMRAM 000015
pad@fp                                          cstackCOMRAM 000013
pad@i                                           cstackCOMRAM 00001A
pad@p                                           cstackCOMRAM 000017
pad@w                                           cstackCOMRAM 00001C
putch@txData                                    cstackCOMRAM 000002
sampleChargingCapArray@vcap                     cstackCOMRAM 000036
sampleEHvoc@voc                                 cstackCOMRAM 000036
sampleTaskCapArray@vcap                         cstackCOMRAM 000036
sprintf@ap                                      cstackBANK0  0000A0
sprintf@f                                       cstackBANK0  0000A2
sprintf@fmt                                     cstackBANK0  00009A
sprintf@s                                       cstackBANK0  000098
stackhi                                         (abs)        000DE9
stacklo                                         (abs)        000185
start                                           init         00003E
start_initialization                            cinit        00440A
strcmp@l                                        cstackCOMRAM 000001
strcmp@r                                        cstackCOMRAM 000003
strcpy@d                                        cstackCOMRAM 000009
strcpy@dest                                     cstackCOMRAM 000001
strcpy@s                                        cstackCOMRAM 000007
strcpy@src                                      cstackCOMRAM 000003
strlen@a                                        cstackCOMRAM 000003
strlen@s                                        cstackCOMRAM 000001
strncmp@_l                                      cstackCOMRAM 000001
strncmp@_r                                      cstackCOMRAM 000003
strncmp@l                                       cstackCOMRAM 000008
strncmp@n                                       cstackCOMRAM 000005
strncmp@r                                       cstackCOMRAM 00000A
tolower@c                                       cstackCOMRAM 000007
ttemp5                                          temp         000060
ttemp6                                          temp         000063
ttemp7                                          temp         000067
vfpfcnvrt@ap                                    cstackCOMRAM 000044
vfpfcnvrt@c                                     cstackCOMRAM 000055
vfpfcnvrt@ct                                    cstackCOMRAM 000052
vfpfcnvrt@f                                     cstackCOMRAM 00004E
vfpfcnvrt@fmt                                   cstackCOMRAM 000042
vfpfcnvrt@fp                                    cstackCOMRAM 000040
vfprintf@ap                                     cstackCOMRAM 00005A
vfprintf@cfmt                                   cstackCOMRAM 00005C
vfprintf@fmt                                    cstackCOMRAM 000058
vfprintf@fp                                     cstackCOMRAM 000056
wtemp8                                          temp         000060


MODULE INFORMATION

Module		Function		Class		Link	Load	Size
C:\Program Files\Microchip\xc8\v2.32\pic\sources\c99\common\nf_sprintf.c
		_sprintf       		CODE           	452A	0000	82

C:\Program Files\Microchip\xc8\v2.32\pic\sources\c99\common\nf_sprintf.c estimated size: 82

C:\Program Files\Microchip\xc8\v2.32\pic\sources\c99\common\awdiv.c
		___awdiv       		CODE           	3EB6	0000	196

C:\Program Files\Microchip\xc8\v2.32\pic\sources\c99\common\awdiv.c estimated size: 196

C:\Program Files\Microchip\xc8\v2.32\pic\sources\c99\common\isdigit.c
		_isdigit       		CODE           	47FE	0000	56

C:\Program Files\Microchip\xc8\v2.32\pic\sources\c99\common\isdigit.c estimated size: 56

C:\Program Files\Microchip\xc8\v2.32\pic\sources\c99\common\sprcadd.c
		___flsub       		CODE           	4704	0000	70
		___fladd       		CODE           	1A72	0000	1216

C:\Program Files\Microchip\xc8\v2.32\pic\sources\c99\common\sprcadd.c estimated size: 1286

mcc_generated_files/tmr6.c
		_TMR6_ISR      		CODE           	4AB4	0000	12
		_TMR6_Initialize		CODE           	49C2	0000	32

mcc_generated_files/tmr6.c estimated size: 44

C:\Program Files\Microchip\xc8\v2.32\pic\sources\c99\common\doprnt.c
		_vfpfcnvrt     		CODE           	1F32	0000	1168
		_efgtoa        		CODE           	0E1A	0000	3160
		_pad           		CODE           	3DF0	0000	198
		_vfprintf      		CODE           	43A4	0000	102

C:\Program Files\Microchip\xc8\v2.32\pic\sources\c99\common\doprnt.c estimated size: 4628

C:\Program Files\Microchip\xc8\v2.32\pic\sources\c99\common\flneg.c
		___flneg       		CODE           	47C6	0000	56

C:\Program Files\Microchip\xc8\v2.32\pic\sources\c99\common\flneg.c estimated size: 56

mcc_generated_files/interrupt_manager.c
		_INTERRUPT_Initialize		CODE           	4ACA	0000	4
		_INTERRUPT_InterruptManager		CODE           	0008	0000	54

mcc_generated_files/interrupt_manager.c estimated size: 58

mcc_generated_files/pin_manager.c
		_PIN_MANAGER_Initialize		CODE           	3F7A	0000	194

mcc_generated_files/pin_manager.c estimated size: 194

C:\Program Files\Microchip\xc8\v2.32\pic\sources\c99\common\memcmp.c
		_memcmp        		CODE           	4196	0000	154

C:\Program Files\Microchip\xc8\v2.32\pic\sources\c99\common\memcmp.c estimated size: 154

ConfigureCaps.c
		_isolateCapsToSeries		CODE           	3472	0000	318
		_isolatedOneTaskCap		CODE           	4A6A	0000	18
		_delayedBrownOut		CODE           	4230	0000	154
		_decoupleCapArray		CODE           	49E2	0000	30
		_fastChargingcaps		CODE           	35B0	0000	310
		_addCapToParallel		CODE           	36E6	0000	300
		_sampleEHvoc   		CODE           	466C	0000	76
		_sampleTaskCapArray		CODE           	492E	0000	42
		_sampleChargingCapArray		CODE           	46B8	0000	76
		_C_N_SWALLconnectGND		CODE           	497E	0000	34
		_Caps8seriesConnection		CODE           	486C	0000	52

ConfigureCaps.c estimated size: 1410

C:\Program Files\Microchip\xc8\v2.32\pic\sources\c99\common\atoi.c
		_atoi          		CODE           	32CE	0000	420

C:\Program Files\Microchip\xc8\v2.32\pic\sources\c99\common\atoi.c estimated size: 420

C:\Program Files\Microchip\xc8\v2.32\pic\sources\c99\common\nf_fputs.c
		_fputs         		CODE           	474A	0000	68

C:\Program Files\Microchip\xc8\v2.32\pic\sources\c99\common\nf_fputs.c estimated size: 68

C:\Program Files\Microchip\xc8\v2.32\pic\sources\c99\common\fleq.c
		___fleq        		CODE           	40EC	0000	170

C:\Program Files\Microchip\xc8\v2.32\pic\sources\c99\common\fleq.c estimated size: 170

C:\Program Files\Microchip\xc8\v2.32\pic\sources\c99\common\__fpclassifyf.c
		___fpclassifyf 		CODE           	3B46	0000	254

C:\Program Files\Microchip\xc8\v2.32\pic\sources\c99\common\__fpclassifyf.c estimated size: 254

C:\Program Files\Microchip\xc8\v2.32\pic\sources\c99\common\isupper.c
		_isupper       		CODE           	478E	0000	56

C:\Program Files\Microchip\xc8\v2.32\pic\sources\c99\common\isupper.c estimated size: 56

C:\Program Files\Microchip\xc8\v2.32\pic\sources\c99\common\Umul16.c
		___wmul        		CODE           	4958	0000	38

C:\Program Files\Microchip\xc8\v2.32\pic\sources\c99\common\Umul16.c estimated size: 38

mcc_generated_files/eusart5.c
		_EUSART5_SetFramingErrorHandler		CODE           	4A8A	0000	14
		_putch         		CODE           	4AC0	0000	10
		_EUSART5_Read  		CODE           	4900	0000	46
		_EUSART5_SetOverrunErrorHandler		CODE           	4A7C	0000	14
		_EUSART5_SetErrorHandler		CODE           	4A98	0000	14
		_EUSART5_Write 		CODE           	4A3A	0000	24
		_EUSART5_Initialize		CODE           	461E	0000	78

mcc_generated_files/eusart5.c estimated size: 200

C:\Program Files\Microchip\xc8\v2.32\pic\sources\c99\common\isspace.c
		_isspace       		CODE           	457C	0000	82

C:\Program Files\Microchip\xc8\v2.32\pic\sources\c99\common\isspace.c estimated size: 82

C:\Program Files\Microchip\xc8\v2.32\pic\sources\c99\common\strncmp.c
		_strncmp       		CODE           	3C44	0000	226

C:\Program Files\Microchip\xc8\v2.32\pic\sources\c99\common\strncmp.c estimated size: 226

C:\Program Files\Microchip\xc8\v2.32\pic\sources\c99\common\tolower.c
		_tolower       		CODE           	446C	0000	96

C:\Program Files\Microchip\xc8\v2.32\pic\sources\c99\common\tolower.c estimated size: 96

shared
		__initialization		CODE           	440A	0000	88

shared estimated size: 88

C:\Program Files\Microchip\xc8\v2.32\pic\sources\c99\common\sprcmul.c
		___flmul       		CODE           	23C2	0000	1066

C:\Program Files\Microchip\xc8\v2.32\pic\sources\c99\common\sprcmul.c estimated size: 1066

C:\Program Files\Microchip\xc8\v2.32\pic\sources\c99\common\awmod.c
		___awmod       		CODE           	403C	0000	176

C:\Program Files\Microchip\xc8\v2.32\pic\sources\c99\common\awmod.c estimated size: 176

mcc_generated_files/mcc.c
		_PMD_Initialize		CODE           	4A1E	0000	28
		_OSCILLATOR_Initialize		CODE           	4A52	0000	24
		_SYSTEM_Initialize		CODE           	4A00	0000	30

mcc_generated_files/mcc.c estimated size: 82

C:\Program Files\Microchip\xc8\v2.32\pic\sources\c99\common\sprcdiv.c
		___fldiv       		CODE           	27EC	0000	922

C:\Program Files\Microchip\xc8\v2.32\pic\sources\c99\common\sprcdiv.c estimated size: 922

C:\Program Files\Microchip\xc8\v2.32\pic\sources\c99\common\fltol.c
		___fltol       		CODE           	393C	0000	262

C:\Program Files\Microchip\xc8\v2.32\pic\sources\c99\common\fltol.c estimated size: 262

C:\Program Files\Microchip\xc8\v2.32\pic\sources\c99\common\xxtofl.c
		___xxtofl      		CODE           	311A	0000	436

C:\Program Files\Microchip\xc8\v2.32\pic\sources\c99\common\xxtofl.c estimated size: 436

C:\Program Files\Microchip\xc8\v2.32\pic\sources\c99\common\nf_fputc.c
		_fputc         		CODE           	3D26	0000	202

C:\Program Files\Microchip\xc8\v2.32\pic\sources\c99\common\nf_fputc.c estimated size: 202

mcc_generated_files/adcc.c
		_ADCC_GetSingleConversion		CODE           	48D2	0000	46
		_ADCC_Initialize		CODE           	45CE	0000	80

mcc_generated_files/adcc.c estimated size: 126

main.c
		_DectecLowVolatge		CODE           	4AA6	0000	14
		_main          		CODE           	3812	0000	298
		_executeCommand		CODE           	2B86	0000	898
		_ConvertADCtoSend		CODE           	48A0	0000	50
		_getADCValue   		CODE           	42CA	0000	110

main.c estimated size: 1370

C:\Program Files\Microchip\xc8\v2.32\pic\sources\c99\common\strlen.c
		_strlen        		CODE           	4836	0000	54

C:\Program Files\Microchip\xc8\v2.32\pic\sources\c99\common\strlen.c estimated size: 54

C:\Program Files\Microchip\xc8\v2.32\pic\sources\c99\common\flge.c
		___flge        		CODE           	3A42	0000	260

C:\Program Files\Microchip\xc8\v2.32\pic\sources\c99\common\flge.c estimated size: 260

C:\Program Files\Microchip\xc8\v2.32\pic\sources\c99\common\floorf.c
		_floorf        		CODE           	2F08	0000	530

C:\Program Files\Microchip\xc8\v2.32\pic\sources\c99\common\floorf.c estimated size: 530

C:\Program Files\Microchip\xc8\v2.32\pic\sources\c99\common\strcmp.c
		_strcmp        		CODE           	4338	0000	108

C:\Program Files\Microchip\xc8\v2.32\pic\sources\c99\common\strcmp.c estimated size: 108

C:\Program Files\Microchip\xc8\v2.32\pic\sources\c99\common\strcpy.c
		_strcpy        		CODE           	44CC	0000	94

C:\Program Files\Microchip\xc8\v2.32\pic\sources\c99\common\strcpy.c estimated size: 94

